{"timestamp":"2026-07-29T23:22:22.145Z","level":"audit","message":"http_request","method":"GET","path":"/health","status":200,"durationMs":6}
{"timestamp":"2026-07-29T23:22:22.466Z","level":"audit","message":"http_request","method":"GET","path":"/health","status":200,"durationMs":2}
{"timestamp":"2026-07-29T23:22:22.861Z","level":"audit","message":"http_request","method":"GET","path":"/api/dashboard/3","status":200,"durationMs":111}
{"timestamp":"2026-07-29T23:27:42.218Z","level":"audit","message":"http_request","method":"GET","path":"/health","status":200,"durationMs":25}
{"timestamp":"2026-07-29T23:27:46.564Z","level":"audit","message":"http_request","method":"GET","path":"/health","status":200,"durationMs":2}
{"timestamp":"2026-07-29T23:29:46.294Z","level":"audit","message":"http_request","method":"GET","path":"/health","status":200,"durationMs":2}
{"timestamp":"2026-07-29T23:29:46.866Z","level":"audit","message":"http_request","method":"GET","path":"/api/dashboard/3","status":200,"durationMs":147}
{"timestamp":"2026-07-29T23:29:47.220Z","level":"audit","message":"http_request","method":"GET","path":"/api/resources","status":200,"durationMs":2}
{"timestamp":"2026-07-29T23:30:18.405Z","level":"audit","message":"http_request","method":"GET","path":"/health","status":200,"durationMs":6}
{"timestamp":"2026-07-29T23:30:18.644Z","level":"audit","message":"http_request","method":"GET","path":"/api/dashboard/3","status":200,"durationMs":54}
{"timestamp":"2026-07-29T23:30:18.672Z","level":"audit","message":"http_request","method":"GET","path":"/api/resources","status":200,"durationMs":2}
{"timestamp":"2026-07-31T18:42:07.976Z","level":"audit","message":"http_request","method":"GET","path":"/health","status":200,"durationMs":7}
{"timestamp":"2026-07-31T18:42:21.465Z","level":"audit","message":"http_request","method":"GET","path":"/api/dashboard/3","status":200,"durationMs":41}
{"timestamp":"2026-07-31T18:46:42.359Z","level":"audit","message":"http_request","method":"GET","path":"/api/dashboard/3","status":200,"durationMs":99}
{"timestamp":"2026-07-31T18:46:42.383Z","level":"audit","message":"http_request","method":"GET","path":"/api/dashboard/3","status":200,"durationMs":10}
{"timestamp":"2026-07-31T18:49:26.973Z","level":"audit","message":"http_request","method":"GET","path":"/api/dashboard/3","status":200,"durationMs":20}
{"timestamp":"2026-07-31T18:50:11.968Z","level":"audit","message":"http_request","method":"GET","path":"/api/dashboard/3","status":200,"durationMs":27}
{"timestamp":"2026-07-31T18:50:48.978Z","level":"audit","message":"http_request","method":"GET","path":"/api/dashboard/3","status":200,"durationMs":18}
{"timestamp":"2026-07-31T18:51:08.956Z","level":"audit","message":"http_request","method":"GET","path":"/api/dashboard/3","status":200,"durationMs":17}
{"timestamp":"2026-07-31T18:52:48.968Z","level":"audit","message":"http_request","method":"GET","path":"/api/dashboard/3","status":200,"durationMs":15}
{"timestamp":"2026-07-31T18:55:20.949Z","level":"audit","message":"http_request","method":"GET","path":"/api/dashboard/3","status":200,"durationMs":12}
{"timestamp":"2026-07-31T18:55:30.950Z","level":"audit","message":"http_request","method":"GET","path":"/api/dashboard/3","status":200,"durationMs":5}
{"timestamp":"2026-07-31T19:07:08.990Z","level":"audit","message":"http_request","method":"GET","path":"/api/dashboard/3","status":200,"durationMs":72}
{"timestamp":"2026-07-31T19:10:07.641Z","level":"audit","message":"http_request","method":"GET","path":"/api/dashboard/3","status":200,"durationMs":20}
{"timestamp":"2026-07-31T19:18:03.541Z","level":"audit","message":"http_request","method":"GET","path":"/api/dashboard/3","status":200,"durationMs":73}
{"timestamp":"2026-07-31T19:18:03.567Z","level":"audit","message":"http_request","method":"GET","path":"/api/dashboard/3","status":200,"durationMs":10}
{"timestamp":"2026-07-31T19:18:21.362Z","level":"audit","message":"http_request","method":"GET","path":"/api/exercises/11","status":200,"durationMs":26}
{"timestamp":"2026-07-31T19:18:41.914Z","level":"audit","message":"http_request","method":"GET","path":"/health","status":200,"durationMs":1}
{"timestamp":"2026-07-31T19:18:41.955Z","level":"audit","message":"http_request","method":"GET","path":"/health","status":200,"durationMs":0}
{"timestamp":"2026-07-31T19:18:44.885Z","level":"audit","message":"http_request","method":"GET","path":"/health","status":200,"durationMs":1}
{"timestamp":"2026-07-31T19:18:44.895Z","level":"audit","message":"http_request","method":"GET","path":"/health","status":200,"durationMs":1}
{"timestamp":"2026-07-31T19:18:52.202Z","level":"audit","message":"http_request","method":"GET","path":"/health","status":200,"durationMs":1}
{"timestamp":"2026-07-31T19:18:52.213Z","level":"audit","message":"http_request","method":"GET","path":"/health","status":200,"durationMs":0}
{"timestamp":"2026-07-31T19:20:12.106Z","level":"audit","message":"http_request","method":"GET","path":"/health","status":200,"durationMs":1}
{"timestamp":"2026-07-31T19:20:59.835Z","level":"audit","message":"http_request","method":"GET","path":"/api/resources","status":200,"durationMs":5}
{"timestamp":"2026-07-31T19:20:59.847Z","level":"audit","message":"http_request","method":"GET","path":"/api/data/=2&orderDirection=DESC","status":404,"durationMs":9}
{"timestamp":"2026-07-31T19:20:59.851Z","level":"audit","message":"http_request","method":"GET","path":"/api/data/=2&orderDirection=DESC","status":404,"durationMs":1}
{"timestamp":"2026-07-31T19:20:59.855Z","level":"audit","message":"http_request","method":"GET","path":"/api/data/=2&orderDirection=DESC","status":404,"durationMs":1}
{"timestamp":"2026-07-31T19:20:59.861Z","level":"audit","message":"http_request","method":"GET","path":"/api/data/=2&orderDirection=DESC","status":404,"durationMs":3}
{"timestamp":"2026-07-31T19:20:59.871Z","level":"audit","message":"http_request","method":"GET","path":"/api/data/=2&orderDirection=DESC","status":404,"durationMs":2}
{"timestamp":"2026-07-31T19:22:27.096Z","level":"audit","message":"http_request","method":"GET","path":"/api/dashboard/3","status":200,"durationMs":43}
{"timestamp":"2026-07-31T19:22:28.040Z","level":"audit","message":"http_request","method":"GET","path":"/api/dashboard/3","status":200,"durationMs":4}
{"timestamp":"2026-07-31T19:22:28.052Z","level":"audit","message":"http_request","method":"GET","path":"/api/dashboard/3","status":200,"durationMs":5}
{"timestamp":"2026-07-31T19:23:02.371Z","level":"audit","message":"http_request","method":"GET","path":"/health","status":200,"durationMs":1}
{"timestamp":"2026-07-31T19:23:02.380Z","level":"audit","message":"http_request","method":"GET","path":"/health","status":200,"durationMs":1}
{"timestamp":"2026-07-31T19:23:17.944Z","level":"audit","message":"http_request","method":"GET","path":"/health","status":200,"durationMs":0}
{"timestamp":"2026-07-31T19:23:17.952Z","level":"audit","message":"http_request","method":"GET","path":"/health","status":200,"durationMs":1}
{"timestamp":"2026-07-31T19:23:56.942Z","level":"audit","message":"http_request","method":"GET","path":"/health","status":200,"durationMs":0}
{"timestamp":"2026-07-31T19:23:56.951Z","level":"audit","message":"http_request","method":"GET","path":"/health","status":200,"durationMs":1}
{"timestamp":"2026-07-31T19:24:03.941Z","level":"audit","message":"http_request","method":"GET","path":"/health","status":200,"durationMs":1}
{"timestamp":"2026-07-31T19:24:03.947Z","level":"audit","message":"http_request","method":"GET","path":"/health","status":200,"durationMs":1}
{"timestamp":"2026-07-31T19:24:13.938Z","level":"audit","message":"http_request","method":"GET","path":"/health","status":200,"durationMs":1}
{"timestamp":"2026-07-31T19:24:13.942Z","level":"audit","message":"http_request","method":"GET","path":"/health","status":200,"durationMs":0}
{"timestamp":"2026-07-31T19:27:27.868Z","level":"audit","message":"http_request","method":"GET","path":"/api/resources","status":200,"durationMs":1}
{"timestamp":"2026-07-31T19:27:27.888Z","level":"audit","message":"http_request","method":"GET","path":"/api/data/practica_ejercicios?limit=2&orderDirection=DESC","status":200,"durationMs":18}
{"timestamp":"2026-07-31T19:27:27.894Z","level":"audit","message":"http_request","method":"GET","path":"/api/data/practica_intentos_ejercicio?limit=2&orderDirection=DESC","status":200,"durationMs":3}
{"timestamp":"2026-07-31T19:27:27.899Z","level":"audit","message":"http_request","method":"GET","path":"/api/data/practica_progreso_usuario?limit=2&orderDirection=DESC","status":200,"durationMs":3}
{"timestamp":"2026-07-31T19:27:27.905Z","level":"audit","message":"http_request","method":"GET","path":"/api/data/practica_retos?limit=2&orderDirection=DESC","status":200,"durationMs":3}
{"timestamp":"2026-07-31T19:27:27.909Z","level":"audit","message":"http_request","method":"GET","path":"/api/data/practica_retos_usuario?limit=2&orderDirection=DESC","status":200,"durationMs":2}
{"timestamp":"2026-07-31T19:34:03.371Z","level":"audit","message":"http_request","method":"GET","path":"/health","status":200,"durationMs":0}
{"timestamp":"2026-07-31T19:34:03.379Z","level":"audit","message":"http_request","method":"GET","path":"/health","status":200,"durationMs":0}
{"timestamp":"2026-07-31T19:35:44.007Z","level":"audit","message":"http_request","method":"GET","path":"/api/dashboard/3","status":200,"durationMs":43}
{"timestamp":"2026-07-31T19:36:27.980Z","level":"audit","message":"http_request","method":"GET","path":"/api/dashboard/3","status":200,"durationMs":16}
{"timestamp":"2026-07-31T19:36:47.935Z","level":"audit","message":"http_request","method":"GET","path":"/health","status":200,"durationMs":1}
{"timestamp":"2026-07-31T19:36:47.941Z","level":"audit","message":"http_request","method":"GET","path":"/health","status":200,"durationMs":0}
{"timestamp":"2026-07-31T19:38:17.516Z","level":"audit","message":"http_request","method":"GET","path":"/api/data/practica_ejercicios?limit=20&orderBy=id&orderDirection=ASC","status":200,"durationMs":20}
{"timestamp":"2026-07-31T19:38:17.538Z","level":"audit","message":"http_request","method":"GET","path":"/api/data/practica_retos?limit=20&orderBy=id&orderDirection=ASC","status":200,"durationMs":4}
{"timestamp":"2026-07-31T19:41:04.989Z","level":"audit","message":"http_request","method":"GET","path":"/api/dashboard/3","status":200,"durationMs":29}
{"timestamp":"2026-07-31T19:41:52.983Z","level":"audit","message":"http_request","method":"GET","path":"/api/dashboard/3","status":200,"durationMs":18}
{"timestamp":"2026-07-31T19:44:42.726Z","level":"audit","message":"http_request","method":"GET","path":"/api/games/balanza-ecuaciones","status":200,"durationMs":13}
{"timestamp":"2026-07-31T19:44:42.745Z","level":"audit","message":"http_request","method":"GET","path":"/api/resources","status":200,"durationMs":1}
{"timestamp":"2026-07-31T19:45:14.323Z","level":"audit","message":"http_request","method":"GET","path":"/api/games/balanza-ecuaciones","status":200,"durationMs":5}
{"timestamp":"2026-07-31T19:45:14.439Z","level":"audit","message":"http_request","method":"PATCH","path":"/api/data/practica_juegos/1","status":404,"durationMs":8}
{"timestamp":"2026-07-31T19:46:47.605Z","level":"audit","message":"http_request","method":"GET","path":"/health","status":200,"durationMs":3}
{"timestamp":"2026-07-31T19:46:47.721Z","level":"audit","message":"http_request","method":"GET","path":"/api/games/balanza-ecuaciones","status":200,"durationMs":10}
{"timestamp":"2026-07-31T19:46:47.764Z","level":"audit","message":"http_request","method":"PATCH","path":"/api/data/practica_juegos/1","status":200,"durationMs":10}
{"timestamp":"2026-07-31T19:48:35.363Z","level":"audit","message":"http_request","method":"GET","path":"/health","status":200,"durationMs":4}
{"timestamp":"2026-07-31T19:48:37.435Z","level":"audit","message":"http_request","method":"GET","path":"/api/games/balanza-ecuaciones","status":200,"durationMs":14}
{"timestamp":"2026-07-31T19:48:37.445Z","level":"audit","message":"http_request","method":"GET","path":"/api/resources","status":200,"durationMs":1}
{"timestamp":"2026-07-31T19:48:54.106Z","level":"audit","message":"http_request","method":"GET","path":"/api/resources","status":200,"durationMs":0}
{"timestamp":"2026-07-31T19:48:54.164Z","level":"audit","message":"http_request","method":"GET","path":"/api/games/balanza-ecuaciones","status":200,"durationMs":7}
{"timestamp":"2026-07-31T19:48:54.203Z","level":"audit","message":"http_request","method":"PATCH","path":"/api/data/practica_juegos/1","status":200,"durationMs":10}
{"timestamp":"2026-07-31T19:49:17.090Z","level":"audit","message":"http_request","method":"GET","path":"/health","status":200,"durationMs":1}
{"timestamp":"2026-07-31T19:49:17.099Z","level":"audit","message":"http_request","method":"GET","path":"/health","status":200,"durationMs":1}
{"timestamp":"2026-07-31T19:49:18.654Z","level":"audit","message":"http_request","method":"GET","path":"/health","status":200,"durationMs":1}
{"timestamp":"2026-07-31T19:49:18.668Z","level":"audit","message":"http_request","method":"GET","path":"/health","status":200,"durationMs":0}
{"timestamp":"2026-07-31T19:49:32.536Z","level":"audit","message":"http_request","method":"GET","path":"/health","status":200,"durationMs":1}
{"timestamp":"2026-07-31T19:49:32.553Z","level":"audit","message":"http_request","method":"GET","path":"/health","status":200,"durationMs":2}
{"timestamp":"2026-07-31T19:50:53.954Z","level":"audit","message":"http_request","method":"GET","path":"/health","status":200,"durationMs":1}
{"timestamp":"2026-07-31T19:50:53.961Z","level":"audit","message":"http_request","method":"GET","path":"/health","status":200,"durationMs":1}
{"timestamp":"2026-07-31T19:51:12.396Z","level":"audit","message":"http_request","method":"GET","path":"/health","status":200,"durationMs":2}
{"timestamp":"2026-07-31T19:51:12.403Z","level":"audit","message":"http_request","method":"GET","path":"/health","status":200,"durationMs":1}
{"timestamp":"2026-07-31T19:51:57.846Z","level":"audit","message":"http_request","method":"GET","path":"/health","status":200,"durationMs":1}
{"timestamp":"2026-07-31T19:51:57.853Z","level":"audit","message":"http_request","method":"GET","path":"/health","status":200,"durationMs":0}
{"timestamp":"2026-07-31T19:56:38.688Z","level":"audit","message":"http_request","method":"GET","path":"/api/resources","status":200,"durationMs":7}
{"timestamp":"2026-07-31T19:56:52.292Z","level":"audit","message":"http_request","method":"GET","path":"/api/data/practica_retos?limit=3","status":200,"durationMs":45}
{"timestamp":"2026-07-31T19:56:52.301Z","level":"audit","message":"http_request","method":"GET","path":"/api/data/practica_progreso_usuario?limit=3","status":200,"durationMs":6}
{"timestamp":"2026-07-31T19:57:13.947Z","level":"audit","message":"http_request","method":"GET","path":"/health","status":200,"durationMs":1}
{"timestamp":"2026-07-31T20:05:56.571Z","level":"audit","message":"http_request","method":"GET","path":"/health","status":200,"durationMs":6}
{"timestamp":"2026-07-31T20:06:09.922Z","level":"audit","message":"http_request","method":"GET","path":"/api/data/practica_retos?limit=1","status":200,"durationMs":44}
{"timestamp":"2026-07-31T20:06:09.932Z","level":"audit","message":"http_request","method":"GET","path":"/api/data/practica_juegos?limit=1","status":200,"durationMs":6}
{"timestamp":"2026-07-31T20:06:09.987Z","level":"audit","message":"http_request","method":"GET","path":"/api/data/practica_progreso_usuario?limit=1","status":200,"durationMs":4}
{"timestamp":"2026-07-31T20:06:09.998Z","level":"audit","message":"http_request","method":"GET","path":"/api/data/practica_intentos_ejercicio?limit=1","status":200,"durationMs":7}
{"timestamp":"2026-07-31T20:06:10.007Z","level":"audit","message":"http_request","method":"GET","path":"/api/data/practica_retos_usuario?limit=1","status":200,"durationMs":5}
{"timestamp":"2026-07-31T20:09:14.072Z","level":"audit","message":"http_request","method":"GET","path":"/health","status":200,"durationMs":1}
{"timestamp":"2026-07-31T20:10:31.107Z","level":"audit","message":"http_request","method":"GET","path":"/api/data/practica_ejercicios?limit=200&orderDirection=DESC","status":200,"durationMs":125}
{"timestamp":"2026-07-31T20:10:31.111Z","level":"audit","message":"http_request","method":"GET","path":"/api/data/practica_retos?limit=200&orderDirection=DESC","status":200,"durationMs":94}
{"timestamp":"2026-07-31T20:10:31.126Z","level":"audit","message":"http_request","method":"GET","path":"/health","status":200,"durationMs":0}
{"timestamp":"2026-07-31T20:10:31.136Z","level":"audit","message":"http_request","method":"GET","path":"/api/data/practica_progreso_usuario?limit=200&orderDirection=DESC","status":200,"durationMs":105}
{"timestamp":"2026-07-31T20:10:31.157Z","level":"audit","message":"http_request","method":"GET","path":"/api/data/practica_ejercicios?limit=200&orderDirection=DESC","status":200,"durationMs":17}
{"timestamp":"2026-07-31T20:10:31.170Z","level":"audit","message":"http_request","method":"GET","path":"/api/data/practica_retos?limit=200&orderDirection=DESC","status":200,"durationMs":19}
{"timestamp":"2026-07-31T20:10:31.173Z","level":"audit","message":"http_request","method":"GET","path":"/health","status":200,"durationMs":1}
{"timestamp":"2026-07-31T20:10:31.179Z","level":"audit","message":"http_request","method":"GET","path":"/api/data/practica_progreso_usuario?limit=200&orderDirection=DESC","status":200,"durationMs":4}
{"timestamp":"2026-07-31T20:10:31.189Z","level":"audit","message":"http_request","method":"GET","path":"/api/data/practica_ejercicios?limit=200&orderDirection=DESC","status":200,"durationMs":6}
{"timestamp":"2026-07-31T20:10:31.194Z","level":"audit","message":"http_request","method":"GET","path":"/api/data/practica_retos?limit=200&orderDirection=DESC","status":200,"durationMs":3}
{"timestamp":"2026-07-31T20:10:31.197Z","level":"audit","message":"http_request","method":"GET","path":"/health","status":200,"durationMs":0}
{"timestamp":"2026-07-31T20:10:31.206Z","level":"audit","message":"http_request","method":"GET","path":"/api/data/practica_intentos_ejercicio?limit=200&orderDirection=DESC","status":200,"durationMs":157}
{"timestamp":"2026-07-31T20:10:31.209Z","level":"audit","message":"http_request","method":"GET","path":"/api/data/practica_progreso_usuario?limit=200&orderDirection=DESC","status":200,"durationMs":5}
{"timestamp":"2026-07-31T20:10:31.229Z","level":"audit","message":"http_request","method":"GET","path":"/api/data/practica_ejercicios?limit=200&orderDirection=DESC","status":200,"durationMs":5}
{"timestamp":"2026-07-31T20:10:31.231Z","level":"audit","message":"http_request","method":"GET","path":"/api/data/practica_retos?limit=200&orderDirection=DESC","status":200,"durationMs":4}
{"timestamp":"2026-07-31T20:10:31.236Z","level":"audit","message":"http_request","method":"GET","path":"/health","status":200,"durationMs":0}
{"timestamp":"2026-07-31T20:10:31.244Z","level":"audit","message":"http_request","method":"GET","path":"/api/data/practica_intentos_ejercicio?limit=200&orderDirection=DESC","status":200,"durationMs":6}
{"timestamp":"2026-07-31T20:10:31.247Z","level":"audit","message":"http_request","method":"GET","path":"/api/data/practica_progreso_usuario?limit=200&orderDirection=DESC","status":200,"durationMs":6}
{"timestamp":"2026-07-31T20:10:31.276Z","level":"audit","message":"http_request","method":"GET","path":"/api/data/practica_intentos_ejercicio?limit=200&orderDirection=DESC","status":200,"durationMs":3}
{"timestamp":"2026-07-31T20:10:31.298Z","level":"audit","message":"http_request","method":"GET","path":"/api/data/practica_intentos_ejercicio?limit=200&orderDirection=DESC","status":200,"durationMs":2}
{"timestamp":"2026-07-31T20:10:48.508Z","level":"audit","message":"http_request","method":"GET","path":"/api/resources","status":200,"durationMs":0}
{"timestamp":"2026-07-31T20:10:48.517Z","level":"audit","message":"http_request","method":"GET","path":"/api/data/aprendizaje_lecciones?limit=200&orderDirection=DESC","status":404,"durationMs":6}
{"timestamp":"2026-07-31T20:10:52.053Z","level":"audit","message":"http_request","method":"GET","path":"/api/resources","status":200,"durationMs":1}
{"timestamp":"2026-07-31T20:10:52.058Z","level":"audit","message":"http_request","method":"GET","path":"/api/data/aprendizaje_lecciones?limit=200&orderDirection=DESC","status":404,"durationMs":3}
{"timestamp":"2026-07-31T20:19:26.059Z","level":"audit","message":"http_request","method":"GET","path":"/api/dashboard/3","status":200,"durationMs":46}
{"timestamp":"2026-07-31T20:20:10.956Z","level":"audit","message":"http_request","method":"GET","path":"/api/dashboard/3","status":200,"durationMs":14}
{"timestamp":"2026-07-31T20:20:37.979Z","level":"audit","message":"http_request","method":"GET","path":"/api/dashboard/3","status":200,"durationMs":18}
{"timestamp":"2026-07-31T20:25:12.335Z","level":"audit","message":"http_request","method":"GET","path":"/health","status":200,"durationMs":3}
{"timestamp":"2026-07-31T20:25:12.390Z","level":"audit","message":"http_request","method":"GET","path":"/api/games/balanza-ecuaciones","status":200,"durationMs":12}
{"timestamp":"2026-07-31T20:25:12.397Z","level":"audit","message":"http_request","method":"GET","path":"/api/exercises/11","status":200,"durationMs":3}
{"timestamp":"2026-07-31T20:25:12.415Z","level":"audit","message":"http_request","method":"POST","path":"/api/attempts","status":201,"durationMs":13}
{"timestamp":"2026-07-31T20:25:12.469Z","level":"audit","message":"http_request","method":"GET","path":"/api/resources","status":200,"durationMs":1}
{"timestamp":"2026-07-31T20:25:12.482Z","level":"audit","message":"http_request","method":"DELETE","path":"/api/data/practica_intentos_ejercicio/3","status":200,"durationMs":4}
{"timestamp":"2026-07-31T20:25:23.063Z","level":"audit","message":"http_request","method":"GET","path":"/","status":404,"durationMs":1}
{"timestamp":"2026-07-31T20:27:10.932Z","level":"audit","message":"http_request","method":"GET","path":"/api/resources","status":200,"durationMs":0}
{"timestamp":"2026-07-31T20:27:10.945Z","level":"audit","message":"http_request","method":"GET","path":"/api/data/practica_juegos?limit=2","status":200,"durationMs":11}
{"timestamp":"2026-07-31T20:27:10.950Z","level":"audit","message":"http_request","method":"GET","path":"/api/data/practica_ejercicios?limit=2","status":200,"durationMs":2}
{"timestamp":"2026-07-31T20:27:10.954Z","level":"audit","message":"http_request","method":"GET","path":"/api/data/practica_intentos_ejercicio?limit=2","status":200,"durationMs":2}
{"timestamp":"2026-07-31T20:27:10.961Z","level":"audit","message":"http_request","method":"GET","path":"/api/data/practica_progreso_usuario?limit=2","status":200,"durationMs":3}
{"timestamp":"2026-07-31T20:27:10.966Z","level":"audit","message":"http_request","method":"GET","path":"/api/data/practica_retos?limit=2","status":200,"durationMs":2}
{"timestamp":"2026-07-31T20:27:10.972Z","level":"audit","message":"http_request","method":"GET","path":"/api/data/practica_retos_usuario?limit=2","status":200,"durationMs":3}
{"timestamp":"2026-07-31T20:28:22.147Z","level":"audit","message":"http_request","method":"GET","path":"/api/dashboard/2","status":200,"durationMs":12}
{"timestamp":"2026-07-31T20:28:32.832Z","level":"audit","message":"http_request","method":"GET","path":"/health","status":200,"durationMs":0}
{"timestamp":"2026-07-31T20:29:40.042Z","level":"audit","message":"http_request","method":"GET","path":"/api/dashboard/3","status":200,"durationMs":21}
{"timestamp":"2026-07-31T20:29:40.053Z","level":"audit","message":"http_request","method":"GET","path":"/health","status":200,"durationMs":0}
{"timestamp":"2026-07-31T20:33:50.374Z","level":"audit","message":"http_request","method":"GET","path":"/health","status":200,"durationMs":2}
{"timestamp":"2026-07-31T20:33:50.390Z","level":"audit","message":"http_request","method":"GET","path":"/health","status":200,"durationMs":1}
{"timestamp":"2026-07-31T20:33:51.015Z","level":"audit","message":"http_request","method":"GET","path":"/health","status":200,"durationMs":1}
{"timestamp":"2026-07-31T20:33:51.028Z","level":"audit","message":"http_request","method":"GET","path":"/health","status":200,"durationMs":1}
{"timestamp":"2026-07-31T20:34:46.471Z","level":"audit","message":"http_request","method":"GET","path":"/api/data/practica_ejercicios?limit=200&orderDirection=DESC","status":200,"durationMs":65}
{"timestamp":"2026-07-31T20:34:46.478Z","level":"audit","message":"http_request","method":"GET","path":"/api/data/practica_retos?limit=200&orderDirection=DESC","status":200,"durationMs":63}
{"timestamp":"2026-07-31T20:34:46.482Z","level":"audit","message":"http_request","method":"GET","path":"/api/data/practica_intentos_ejercicio?limit=200&orderDirection=DESC","status":200,"durationMs":43}
{"timestamp":"2026-07-31T20:34:46.486Z","level":"audit","message":"http_request","method":"GET","path":"/api/data/practica_progreso_usuario?limit=200&orderDirection=DESC","status":200,"durationMs":62}
{"timestamp":"2026-07-31T20:34:46.506Z","level":"audit","message":"http_request","method":"GET","path":"/api/data/practica_ejercicios?limit=200&orderDirection=DESC","status":200,"durationMs":9}
{"timestamp":"2026-07-31T20:34:46.514Z","level":"audit","message":"http_request","method":"GET","path":"/api/data/practica_retos?limit=200&orderDirection=DESC","status":200,"durationMs":7}
{"timestamp":"2026-07-31T20:34:46.518Z","level":"audit","message":"http_request","method":"GET","path":"/api/data/practica_intentos_ejercicio?limit=200&orderDirection=DESC","status":200,"durationMs":9}
{"timestamp":"2026-07-31T20:34:46.522Z","level":"audit","message":"http_request","method":"GET","path":"/api/data/practica_progreso_usuario?limit=200&orderDirection=DESC","status":200,"durationMs":11}
{"timestamp":"2026-07-31T20:34:49.577Z","level":"audit","message":"http_request","method":"GET","path":"/api/resources","status":200,"durationMs":1}
{"timestamp":"2026-07-31T20:34:49.581Z","level":"audit","message":"http_request","method":"GET","path":"/api/data/practica_retos?limit=200&orderDirection=DESC","status":200,"durationMs":7}
{"timestamp":"2026-07-31T20:34:49.584Z","level":"audit","message":"http_request","method":"GET","path":"/api/resources","status":200,"durationMs":1}
{"timestamp":"2026-07-31T20:34:49.590Z","level":"audit","message":"http_request","method":"GET","path":"/api/data/practica_retos?limit=200&orderDirection=DESC","status":200,"durationMs":4}
{"timestamp":"2026-07-31T20:36:42.509Z","level":"audit","message":"http_request","method":"GET","path":"/api/resources","status":200,"durationMs":0}
{"timestamp":"2026-07-31T20:36:42.527Z","level":"audit","message":"http_request","method":"GET","path":"/api/data/practica_retos?limit=200&orderDirection=DESC","status":200,"durationMs":15}
{"timestamp":"2026-07-31T20:37:18.951Z","level":"audit","message":"http_request","method":"GET","path":"/health","status":200,"durationMs":2}
{"timestamp":"2026-07-31T20:38:11.278Z","level":"audit","message":"http_request","method":"GET","path":"/health","status":200,"durationMs":1}
{"timestamp":"2026-07-31T20:39:50.369Z","level":"audit","message":"http_request","method":"GET","path":"/api/dashboard/3","status":200,"durationMs":64}
{"timestamp":"2026-07-31T20:39:50.379Z","level":"audit","message":"http_request","method":"GET","path":"/api/dashboard/3","status":200,"durationMs":6}
{"timestamp":"2026-07-31T20:40:00.951Z","level":"audit","message":"http_request","method":"GET","path":"/api/exercises/11","status":200,"durationMs":15}
{"timestamp":"2026-07-31T20:40:03.303Z","level":"audit","message":"http_request","method":"POST","path":"/api/attempts","status":201,"durationMs":41}
{"timestamp":"2026-07-31T20:40:03.325Z","level":"audit","message":"http_request","method":"PUT","path":"/api/progress","status":200,"durationMs":15}
{"timestamp":"2026-07-31T20:40:03.345Z","level":"audit","message":"http_request","method":"GET","path":"/api/dashboard/3","status":200,"durationMs":15}
{"timestamp":"2026-07-31T20:43:43.939Z","level":"audit","message":"http_request","method":"GET","path":"/health","status":200,"durationMs":1}
{"timestamp":"2026-07-31T21:09:39.761Z","level":"audit","message":"http_request","method":"GET","path":"/api/dashboard/3","status":200,"durationMs":272}
{"timestamp":"2026-07-31T21:09:39.811Z","level":"audit","message":"http_request","method":"GET","path":"/api/dashboard/3","status":200,"durationMs":40}
{"timestamp":"2026-07-31T21:09:39.831Z","level":"audit","message":"http_request","method":"GET","path":"/api/dashboard/3","status":200,"durationMs":9}
{"timestamp":"2026-07-31T21:09:55.166Z","level":"audit","message":"http_request","method":"GET","path":"/api/dashboard/3","status":200,"durationMs":24}
{"timestamp":"2026-07-31T21:09:55.177Z","level":"audit","message":"http_request","method":"GET","path":"/api/dashboard/3","status":200,"durationMs":6}
{"timestamp":"2026-07-31T21:10:00.042Z","level":"audit","message":"http_request","method":"POST","path":"/api/attempts","status":201,"durationMs":9}
{"timestamp":"2026-07-31T21:10:10.056Z","level":"audit","message":"http_request","method":"GET","path":"/api/games/balanza-ecuaciones","status":200,"durationMs":10}
{"timestamp":"2026-07-31T21:10:10.065Z","level":"audit","message":"http_request","method":"GET","path":"/api/games/balanza-ecuaciones","status":200,"durationMs":3}
{"timestamp":"2026-07-31T21:18:19.116Z","level":"audit","message":"http_request","method":"GET","path":"/api/games/balanza-ecuaciones","status":200,"durationMs":97}
{"timestamp":"2026-07-31T21:18:19.121Z","level":"audit","message":"http_request","method":"GET","path":"/api/dashboard/3","status":200,"durationMs":71}
{"timestamp":"2026-07-31T21:30:46.264Z","level":"audit","message":"http_request","method":"PATCH","path":"/api/data/practica_juegos/1","status":400,"durationMs":22}
{"timestamp":"2026-07-31T21:30:46.299Z","level":"audit","message":"http_request","method":"GET","path":"/api/games/balanza-ecuaciones","status":200,"durationMs":6}
{"timestamp":"2026-07-31T21:51:12.621Z","level":"audit","message":"http_request","method":"GET","path":"/api/games/balanza-ecuaciones","status":200,"durationMs":58}
{"timestamp":"2026-07-31T21:51:12.635Z","level":"audit","message":"http_request","method":"GET","path":"/api/dashboard/3","status":200,"durationMs":59}
{"timestamp":"2026-07-31T21:51:12.649Z","level":"audit","message":"http_request","method":"GET","path":"/api/games/balanza-ecuaciones","status":200,"durationMs":12}
{"timestamp":"2026-07-31T21:51:12.656Z","level":"audit","message":"http_request","method":"GET","path":"/api/dashboard/3","status":200,"durationMs":13}
{"timestamp":"2026-07-31T21:56:31.144Z","level":"audit","message":"http_request","method":"GET","path":"/health","status":200,"durationMs":30}
{"timestamp":"2026-08-03T16:43:16.346Z","level":"audit","message":"http_request","method":"GET","path":"/health","status":200,"durationMs":3}
{"timestamp":"2026-08-03T16:55:10.216Z","level":"audit","message":"http_request","method":"GET","path":"/api/resources","status":200,"durationMs":18}
{"timestamp":"2026-08-03T17:03:47.645Z","level":"audit","message":"http_request","method":"POST","path":"/api/data/practica_ejercicios","status":201,"durationMs":137}
{"timestamp":"2026-08-03T17:03:47.700Z","level":"audit","message":"http_request","method":"PATCH","path":"/api/data/practica_ejercicios/21","status":200,"durationMs":34}
{"timestamp":"2026-08-03T17:03:48.238Z","level":"audit","message":"http_request","method":"DELETE","path":"/api/data/practica_ejercicios/21","status":200,"durationMs":13}
{"timestamp":"2026-08-03T17:08:33.902Z","level":"audit","message":"http_request","method":"GET","path":"/health","status":200,"durationMs":2}
