{"timestamp":"2026-07-29T23:22:22.205Z","level":"audit","message":"http_request","method":"GET","path":"/health","status":200,"durationMs":22}
{"timestamp":"2026-07-29T23:22:22.465Z","level":"audit","message":"http_request","method":"GET","path":"/health","status":200,"durationMs":1}
{"timestamp":"2026-07-29T23:22:23.989Z","level":"audit","message":"http_request","method":"POST","path":"/api/auth/login","status":401,"durationMs":704}
{"timestamp":"2026-07-29T23:23:56.521Z","level":"audit","message":"http_request","method":"POST","path":"/api/auth/login","status":200,"durationMs":452}
{"timestamp":"2026-07-29T23:27:42.181Z","level":"audit","message":"http_request","method":"GET","path":"/health","status":200,"durationMs":30}
{"timestamp":"2026-07-29T23:27:46.566Z","level":"audit","message":"http_request","method":"GET","path":"/health","status":200,"durationMs":2}
{"timestamp":"2026-07-29T23:29:46.306Z","level":"audit","message":"http_request","method":"GET","path":"/health","status":200,"durationMs":10}
{"timestamp":"2026-07-29T23:29:47.270Z","level":"audit","message":"http_request","method":"GET","path":"/api/resources","status":200,"durationMs":17}
{"timestamp":"2026-07-29T23:30:18.395Z","level":"audit","message":"http_request","method":"GET","path":"/health","status":200,"durationMs":2}
{"timestamp":"2026-07-29T23:30:18.693Z","level":"audit","message":"http_request","method":"GET","path":"/api/resources","status":200,"durationMs":2}
{"timestamp":"2026-07-31T18:42:08.027Z","level":"audit","message":"http_request","method":"GET","path":"/health","status":200,"durationMs":4}
{"timestamp":"2026-07-31T19:07:09.568Z","level":"audit","message":"http_request","method":"GET","path":"/api/users","status":200,"durationMs":117}
{"timestamp":"2026-07-31T19:10:07.738Z","level":"audit","message":"http_request","method":"GET","path":"/api/users","status":200,"durationMs":8}
{"timestamp":"2026-07-31T19:18:41.942Z","level":"audit","message":"http_request","method":"GET","path":"/health","status":200,"durationMs":4}
{"timestamp":"2026-07-31T19:18:41.957Z","level":"audit","message":"http_request","method":"GET","path":"/health","status":200,"durationMs":0}
{"timestamp":"2026-07-31T19:18:44.886Z","level":"audit","message":"http_request","method":"GET","path":"/health","status":200,"durationMs":2}
{"timestamp":"2026-07-31T19:18:44.896Z","level":"audit","message":"http_request","method":"GET","path":"/health","status":200,"durationMs":0}
{"timestamp":"2026-07-31T19:18:52.204Z","level":"audit","message":"http_request","method":"GET","path":"/health","status":200,"durationMs":2}
{"timestamp":"2026-07-31T19:18:52.219Z","level":"audit","message":"http_request","method":"GET","path":"/health","status":200,"durationMs":5}
{"timestamp":"2026-07-31T19:20:12.108Z","level":"audit","message":"http_request","method":"GET","path":"/health","status":200,"durationMs":1}
{"timestamp":"2026-07-31T19:20:59.950Z","level":"audit","message":"http_request","method":"GET","path":"/api/resources","status":200,"durationMs":6}
{"timestamp":"2026-07-31T19:20:59.968Z","level":"audit","message":"http_request","method":"GET","path":"/api/data/=2&orderDirection=DESC","status":404,"durationMs":15}
{"timestamp":"2026-07-31T19:23:02.372Z","level":"audit","message":"http_request","method":"GET","path":"/health","status":200,"durationMs":1}
{"timestamp":"2026-07-31T19:23:02.382Z","level":"audit","message":"http_request","method":"GET","path":"/health","status":200,"durationMs":1}
{"timestamp":"2026-07-31T19:23:17.945Z","level":"audit","message":"http_request","method":"GET","path":"/health","status":200,"durationMs":1}
{"timestamp":"2026-07-31T19:23:17.952Z","level":"audit","message":"http_request","method":"GET","path":"/health","status":200,"durationMs":0}
{"timestamp":"2026-07-31T19:23:56.943Z","level":"audit","message":"http_request","method":"GET","path":"/health","status":200,"durationMs":1}
{"timestamp":"2026-07-31T19:23:56.951Z","level":"audit","message":"http_request","method":"GET","path":"/health","status":200,"durationMs":1}
{"timestamp":"2026-07-31T19:24:03.941Z","level":"audit","message":"http_request","method":"GET","path":"/health","status":200,"durationMs":1}
{"timestamp":"2026-07-31T19:24:03.947Z","level":"audit","message":"http_request","method":"GET","path":"/health","status":200,"durationMs":1}
{"timestamp":"2026-07-31T19:24:13.937Z","level":"audit","message":"http_request","method":"GET","path":"/health","status":200,"durationMs":1}
{"timestamp":"2026-07-31T19:24:13.942Z","level":"audit","message":"http_request","method":"GET","path":"/health","status":200,"durationMs":0}
{"timestamp":"2026-07-31T19:26:38.555Z","level":"audit","message":"http_request","method":"GET","path":"/api/users","status":200,"durationMs":33}
{"timestamp":"2026-07-31T19:27:27.990Z","level":"audit","message":"http_request","method":"GET","path":"/api/resources","status":200,"durationMs":0}
{"timestamp":"2026-07-31T19:27:28.011Z","level":"audit","message":"http_request","method":"GET","path":"/api/data/identidad_usuarios?limit=2&orderDirection=DESC","status":200,"durationMs":17}
{"timestamp":"2026-07-31T19:34:03.372Z","level":"audit","message":"http_request","method":"GET","path":"/health","status":200,"durationMs":0}
{"timestamp":"2026-07-31T19:34:03.382Z","level":"audit","message":"http_request","method":"GET","path":"/health","status":200,"durationMs":1}
{"timestamp":"2026-07-31T19:36:47.936Z","level":"audit","message":"http_request","method":"GET","path":"/health","status":200,"durationMs":1}
{"timestamp":"2026-07-31T19:36:47.943Z","level":"audit","message":"http_request","method":"GET","path":"/health","status":200,"durationMs":0}
{"timestamp":"2026-07-31T19:46:47.606Z","level":"audit","message":"http_request","method":"GET","path":"/health","status":200,"durationMs":3}
{"timestamp":"2026-07-31T19:49:17.092Z","level":"audit","message":"http_request","method":"GET","path":"/health","status":200,"durationMs":1}
{"timestamp":"2026-07-31T19:49:17.100Z","level":"audit","message":"http_request","method":"GET","path":"/health","status":200,"durationMs":0}
{"timestamp":"2026-07-31T19:49:18.656Z","level":"audit","message":"http_request","method":"GET","path":"/health","status":200,"durationMs":1}
{"timestamp":"2026-07-31T19:49:18.670Z","level":"audit","message":"http_request","method":"GET","path":"/health","status":200,"durationMs":1}
{"timestamp":"2026-07-31T19:49:32.540Z","level":"audit","message":"http_request","method":"GET","path":"/health","status":200,"durationMs":2}
{"timestamp":"2026-07-31T19:49:32.558Z","level":"audit","message":"http_request","method":"GET","path":"/health","status":200,"durationMs":2}
{"timestamp":"2026-07-31T19:50:53.955Z","level":"audit","message":"http_request","method":"GET","path":"/health","status":200,"durationMs":2}
{"timestamp":"2026-07-31T19:50:53.969Z","level":"audit","message":"http_request","method":"GET","path":"/health","status":200,"durationMs":7}
{"timestamp":"2026-07-31T19:51:12.398Z","level":"audit","message":"http_request","method":"GET","path":"/health","status":200,"durationMs":2}
{"timestamp":"2026-07-31T19:51:12.403Z","level":"audit","message":"http_request","method":"GET","path":"/health","status":200,"durationMs":1}
{"timestamp":"2026-07-31T19:51:57.847Z","level":"audit","message":"http_request","method":"GET","path":"/health","status":200,"durationMs":2}
{"timestamp":"2026-07-31T19:51:57.853Z","level":"audit","message":"http_request","method":"GET","path":"/health","status":200,"durationMs":0}
{"timestamp":"2026-07-31T19:56:38.726Z","level":"audit","message":"http_request","method":"GET","path":"/api/resources","status":200,"durationMs":8}
{"timestamp":"2026-07-31T19:56:52.372Z","level":"audit","message":"http_request","method":"GET","path":"/api/data/identidad_usuarios?limit=3","status":200,"durationMs":65}
{"timestamp":"2026-07-31T19:57:13.947Z","level":"audit","message":"http_request","method":"GET","path":"/health","status":200,"durationMs":0}
{"timestamp":"2026-07-31T20:05:56.566Z","level":"audit","message":"http_request","method":"GET","path":"/health","status":200,"durationMs":11}
{"timestamp":"2026-07-31T20:06:09.980Z","level":"audit","message":"http_request","method":"GET","path":"/api/data/identidad_usuarios?limit=1","status":200,"durationMs":43}
{"timestamp":"2026-07-31T20:09:14.072Z","level":"audit","message":"http_request","method":"GET","path":"/health","status":200,"durationMs":1}
{"timestamp":"2026-07-31T20:10:31.032Z","level":"audit","message":"http_request","method":"GET","path":"/api/data/identidad_usuarios?limit=200&orderDirection=DESC","status":200,"durationMs":43}
{"timestamp":"2026-07-31T20:10:31.098Z","level":"audit","message":"http_request","method":"GET","path":"/health","status":200,"durationMs":1}
{"timestamp":"2026-07-31T20:10:31.146Z","level":"audit","message":"http_request","method":"GET","path":"/api/data/identidad_usuarios?limit=200&orderDirection=DESC","status":200,"durationMs":20}
{"timestamp":"2026-07-31T20:10:31.165Z","level":"audit","message":"http_request","method":"GET","path":"/health","status":200,"durationMs":0}
{"timestamp":"2026-07-31T20:10:31.184Z","level":"audit","message":"http_request","method":"GET","path":"/api/data/identidad_usuarios?limit=200&orderDirection=DESC","status":200,"durationMs":7}
{"timestamp":"2026-07-31T20:10:31.200Z","level":"audit","message":"http_request","method":"GET","path":"/health","status":200,"durationMs":1}
{"timestamp":"2026-07-31T20:10:31.216Z","level":"audit","message":"http_request","method":"GET","path":"/api/data/identidad_usuarios?limit=200&orderDirection=DESC","status":200,"durationMs":4}
{"timestamp":"2026-07-31T20:10:31.233Z","level":"audit","message":"http_request","method":"GET","path":"/health","status":200,"durationMs":0}
{"timestamp":"2026-07-31T20:10:51.414Z","level":"audit","message":"http_request","method":"GET","path":"/api/resources","status":200,"durationMs":1}
{"timestamp":"2026-07-31T20:10:51.429Z","level":"audit","message":"http_request","method":"GET","path":"/api/data/aprendizaje_lecciones?limit=200&orderDirection=DESC","status":404,"durationMs":12}
{"timestamp":"2026-07-31T20:10:54.614Z","level":"audit","message":"http_request","method":"GET","path":"/api/resources","status":200,"durationMs":2}
{"timestamp":"2026-07-31T20:10:54.618Z","level":"audit","message":"http_request","method":"GET","path":"/api/data/aprendizaje_lecciones?limit=200&orderDirection=DESC","status":404,"durationMs":2}
{"timestamp":"2026-07-31T20:25:12.054Z","level":"audit","message":"http_request","method":"POST","path":"/api/auth/login","status":200,"durationMs":273}
{"timestamp":"2026-07-31T20:25:12.321Z","level":"audit","message":"http_request","method":"POST","path":"/api/auth/login","status":200,"durationMs":249}
{"timestamp":"2026-07-31T20:25:12.328Z","level":"audit","message":"http_request","method":"GET","path":"/health","status":200,"durationMs":0}
{"timestamp":"2026-07-31T20:25:12.476Z","level":"audit","message":"http_request","method":"GET","path":"/api/resources","status":200,"durationMs":1}
{"timestamp":"2026-07-31T20:25:23.067Z","level":"audit","message":"http_request","method":"GET","path":"/","status":404,"durationMs":0}
{"timestamp":"2026-07-31T20:27:10.857Z","level":"audit","message":"http_request","method":"POST","path":"/api/auth/login","status":200,"durationMs":247}
{"timestamp":"2026-07-31T20:27:11.011Z","level":"audit","message":"http_request","method":"GET","path":"/api/resources","status":200,"durationMs":1}
{"timestamp":"2026-07-31T20:27:11.018Z","level":"audit","message":"http_request","method":"GET","path":"/api/data/identidad_usuarios?limit=2","status":200,"durationMs":4}
{"timestamp":"2026-07-31T20:28:21.828Z","level":"audit","message":"http_request","method":"POST","path":"/api/auth/login","status":200,"durationMs":261}
{"timestamp":"2026-07-31T20:28:22.095Z","level":"audit","message":"http_request","method":"POST","path":"/api/auth/login","status":200,"durationMs":249}
{"timestamp":"2026-07-31T20:28:22.129Z","level":"audit","message":"http_request","method":"GET","path":"/api/data/identidad_usuarios","status":200,"durationMs":4}
{"timestamp":"2026-07-31T20:28:32.833Z","level":"audit","message":"http_request","method":"GET","path":"/health","status":200,"durationMs":1}
{"timestamp":"2026-07-31T20:29:40.059Z","level":"audit","message":"http_request","method":"GET","path":"/health","status":200,"durationMs":1}
{"timestamp":"2026-07-31T20:33:50.382Z","level":"audit","message":"http_request","method":"GET","path":"/health","status":200,"durationMs":5}
{"timestamp":"2026-07-31T20:33:50.392Z","level":"audit","message":"http_request","method":"GET","path":"/health","status":200,"durationMs":1}
{"timestamp":"2026-07-31T20:33:51.022Z","level":"audit","message":"http_request","method":"GET","path":"/health","status":200,"durationMs":5}
{"timestamp":"2026-07-31T20:33:51.038Z","level":"audit","message":"http_request","method":"GET","path":"/health","status":200,"durationMs":0}
{"timestamp":"2026-07-31T20:34:15.379Z","level":"audit","message":"http_request","method":"POST","path":"/api/auth/login","status":401,"durationMs":320}
{"timestamp":"2026-07-31T20:34:19.239Z","level":"audit","message":"http_request","method":"POST","path":"/api/auth/login","status":401,"durationMs":288}
{"timestamp":"2026-07-31T20:34:26.052Z","level":"audit","message":"http_request","method":"POST","path":"/api/auth/login","status":401,"durationMs":289}
{"timestamp":"2026-07-31T20:34:46.372Z","level":"audit","message":"http_request","method":"POST","path":"/api/auth/login","status":200,"durationMs":298}
{"timestamp":"2026-07-31T20:34:46.418Z","level":"audit","message":"http_request","method":"GET","path":"/api/data/identidad_usuarios?limit=200&orderDirection=DESC","status":200,"durationMs":12}
{"timestamp":"2026-07-31T20:34:46.480Z","level":"audit","message":"http_request","method":"GET","path":"/api/data/identidad_usuarios?limit=200&orderDirection=DESC","status":200,"durationMs":3}
{"timestamp":"2026-07-31T20:36:16.934Z","level":"audit","message":"http_request","method":"GET","path":"/api/resources","status":200,"durationMs":1}
{"timestamp":"2026-07-31T20:36:16.942Z","level":"audit","message":"http_request","method":"GET","path":"/api/data/practica_retos?limit=200&orderDirection=DESC","status":404,"durationMs":5}
{"timestamp":"2026-07-31T20:37:18.975Z","level":"audit","message":"http_request","method":"GET","path":"/health","status":200,"durationMs":3}
{"timestamp":"2026-07-31T20:38:11.013Z","level":"audit","message":"http_request","method":"POST","path":"/api/auth/login","status":200,"durationMs":275}
{"timestamp":"2026-07-31T20:38:11.272Z","level":"audit","message":"http_request","method":"POST","path":"/api/auth/login","status":401,"durationMs":245}
{"timestamp":"2026-07-31T20:38:11.277Z","level":"audit","message":"http_request","method":"GET","path":"/health","status":200,"durationMs":1}
{"timestamp":"2026-07-31T20:43:43.980Z","level":"audit","message":"http_request","method":"GET","path":"/health","status":200,"durationMs":4}
{"timestamp":"2026-07-31T20:49:39.236Z","level":"audit","message":"http_request","method":"POST","path":"/api/auth/login","status":200,"durationMs":287}
{"timestamp":"2026-07-31T20:49:39.496Z","level":"audit","message":"http_request","method":"POST","path":"/api/auth/login","status":200,"durationMs":248}
{"timestamp":"2026-07-31T20:57:21.301Z","level":"audit","message":"http_request","method":"POST","path":"/api/auth/login","status":200,"durationMs":285}
{"timestamp":"2026-07-31T20:57:36.753Z","level":"audit","message":"http_request","method":"POST","path":"/api/auth/login","status":200,"durationMs":255}
{"timestamp":"2026-07-31T21:00:22.069Z","level":"audit","message":"http_request","method":"POST","path":"/api/auth/login","status":200,"durationMs":258}
{"timestamp":"2026-07-31T21:00:36.239Z","level":"audit","message":"http_request","method":"POST","path":"/api/auth/login","status":200,"durationMs":250}
{"timestamp":"2026-07-31T21:30:46.192Z","level":"audit","message":"http_request","method":"POST","path":"/api/auth/login","status":200,"durationMs":280}
{"timestamp":"2026-07-31T21:56:31.121Z","level":"audit","message":"http_request","method":"GET","path":"/health","status":200,"durationMs":13}
{"timestamp":"2026-08-03T16:43:20.454Z","level":"audit","message":"http_request","method":"GET","path":"/health","status":200,"durationMs":3}
{"timestamp":"2026-08-03T16:54:15.907Z","level":"audit","message":"http_request","method":"POST","path":"/api/auth/login","status":200,"durationMs":332}
{"timestamp":"2026-08-03T16:55:10.029Z","level":"audit","message":"http_request","method":"POST","path":"/api/auth/login","status":200,"durationMs":317}
{"timestamp":"2026-08-03T16:55:10.313Z","level":"audit","message":"http_request","method":"GET","path":"/api/resources","status":200,"durationMs":3}
{"timestamp":"2026-08-03T17:03:47.103Z","level":"audit","message":"http_request","method":"POST","path":"/api/auth/login","status":200,"durationMs":416}
{"timestamp":"2026-08-03T17:07:44.854Z","level":"audit","message":"http_request","method":"GET","path":"/health","status":200,"durationMs":7}
{"timestamp":"2026-08-03T17:07:47.430Z","level":"audit","message":"http_request","method":"POST","path":"/api/auth/login","status":200,"durationMs":326}
{"timestamp":"2026-08-03T17:07:47.770Z","level":"audit","message":"http_request","method":"POST","path":"/api/auth/register","status":201,"durationMs":304}
{"timestamp":"2026-08-03T17:07:48.068Z","level":"audit","message":"http_request","method":"PATCH","path":"/api/users/7/password","status":200,"durationMs":288}
{"timestamp":"2026-08-03T17:07:48.351Z","level":"audit","message":"http_request","method":"POST","path":"/api/auth/login","status":200,"durationMs":274}
{"timestamp":"2026-08-03T17:07:48.370Z","level":"audit","message":"http_request","method":"DELETE","path":"/api/data/identidad_usuarios/7","status":200,"durationMs":5}
{"timestamp":"2026-08-03T17:08:38.027Z","level":"audit","message":"http_request","method":"GET","path":"/health","status":200,"durationMs":0}
