{"timestamp":"2026-07-29T23:22:22.166Z","level":"audit","message":"http_request","method":"GET","path":"/health","status":200,"durationMs":8}
{"timestamp":"2026-07-29T23:22:22.465Z","level":"audit","message":"http_request","method":"GET","path":"/health","status":200,"durationMs":1}
{"timestamp":"2026-07-29T23:22:23.004Z","level":"audit","message":"http_request","method":"POST","path":"/api/tutor","status":400,"durationMs":118}
{"timestamp":"2026-07-29T23:22:23.203Z","level":"audit","message":"http_request","method":"POST","path":"/api/generate-exercises","status":400,"durationMs":14}
{"timestamp":"2026-07-29T23:23:55.771Z","level":"audit","message":"http_request","method":"POST","path":"/api/tutor","status":200,"durationMs":201}
{"timestamp":"2026-07-29T23:23:56.023Z","level":"audit","message":"http_request","method":"POST","path":"/api/generate-exercises","status":201,"durationMs":100}
{"timestamp":"2026-07-29T23:27:42.175Z","level":"audit","message":"http_request","method":"GET","path":"/health","status":200,"durationMs":30}
{"timestamp":"2026-07-29T23:27:46.565Z","level":"audit","message":"http_request","method":"GET","path":"/health","status":200,"durationMs":2}
{"timestamp":"2026-07-29T23:29:46.298Z","level":"audit","message":"http_request","method":"GET","path":"/health","status":200,"durationMs":3}
{"timestamp":"2026-07-29T23:29:47.246Z","level":"audit","message":"http_request","method":"GET","path":"/api/resources","status":200,"durationMs":14}
{"timestamp":"2026-07-29T23:30:18.394Z","level":"audit","message":"http_request","method":"GET","path":"/health","status":200,"durationMs":2}
{"timestamp":"2026-07-29T23:30:18.683Z","level":"audit","message":"http_request","method":"GET","path":"/api/resources","status":200,"durationMs":3}
{"timestamp":"2026-07-31T18:42:07.993Z","level":"audit","message":"http_request","method":"GET","path":"/health","status":200,"durationMs":4}
{"timestamp":"2026-07-31T19:07:09.279Z","level":"audit","message":"http_request","method":"GET","path":"/api/models","status":200,"durationMs":150}
{"timestamp":"2026-07-31T19:07:09.336Z","level":"audit","message":"http_request","method":"GET","path":"/api/prompts","status":200,"durationMs":23}
{"timestamp":"2026-07-31T19:10:07.678Z","level":"audit","message":"http_request","method":"GET","path":"/api/models","status":200,"durationMs":10}
{"timestamp":"2026-07-31T19:10:07.703Z","level":"audit","message":"http_request","method":"GET","path":"/api/prompts","status":200,"durationMs":4}
{"timestamp":"2026-07-31T19:18:41.947Z","level":"audit","message":"http_request","method":"GET","path":"/health","status":200,"durationMs":6}
{"timestamp":"2026-07-31T19:18:41.957Z","level":"audit","message":"http_request","method":"GET","path":"/health","status":200,"durationMs":2}
{"timestamp":"2026-07-31T19:18:44.885Z","level":"audit","message":"http_request","method":"GET","path":"/health","status":200,"durationMs":1}
{"timestamp":"2026-07-31T19:18:44.896Z","level":"audit","message":"http_request","method":"GET","path":"/health","status":200,"durationMs":1}
{"timestamp":"2026-07-31T19:18:52.207Z","level":"audit","message":"http_request","method":"GET","path":"/health","status":200,"durationMs":1}
{"timestamp":"2026-07-31T19:18:52.215Z","level":"audit","message":"http_request","method":"GET","path":"/health","status":200,"durationMs":1}
{"timestamp":"2026-07-31T19:20:12.106Z","level":"audit","message":"http_request","method":"GET","path":"/health","status":200,"durationMs":1}
{"timestamp":"2026-07-31T19:20:59.897Z","level":"audit","message":"http_request","method":"GET","path":"/api/resources","status":200,"durationMs":16}
{"timestamp":"2026-07-31T19:20:59.918Z","level":"audit","message":"http_request","method":"GET","path":"/api/data/=2&orderDirection=DESC","status":404,"durationMs":17}
{"timestamp":"2026-07-31T19:20:59.923Z","level":"audit","message":"http_request","method":"GET","path":"/api/data/=2&orderDirection=DESC","status":404,"durationMs":2}
{"timestamp":"2026-07-31T19:20:59.926Z","level":"audit","message":"http_request","method":"GET","path":"/api/data/=2&orderDirection=DESC","status":404,"durationMs":1}
{"timestamp":"2026-07-31T19:20:59.932Z","level":"audit","message":"http_request","method":"GET","path":"/api/data/=2&orderDirection=DESC","status":404,"durationMs":1}
{"timestamp":"2026-07-31T19:20:59.939Z","level":"audit","message":"http_request","method":"GET","path":"/api/data/=2&orderDirection=DESC","status":404,"durationMs":2}
{"timestamp":"2026-07-31T19:23:02.371Z","level":"audit","message":"http_request","method":"GET","path":"/health","status":200,"durationMs":1}
{"timestamp":"2026-07-31T19:23:02.381Z","level":"audit","message":"http_request","method":"GET","path":"/health","status":200,"durationMs":2}
{"timestamp":"2026-07-31T19:23:17.945Z","level":"audit","message":"http_request","method":"GET","path":"/health","status":200,"durationMs":1}
{"timestamp":"2026-07-31T19:23:17.952Z","level":"audit","message":"http_request","method":"GET","path":"/health","status":200,"durationMs":1}
{"timestamp":"2026-07-31T19:23:56.945Z","level":"audit","message":"http_request","method":"GET","path":"/health","status":200,"durationMs":2}
{"timestamp":"2026-07-31T19:23:56.950Z","level":"audit","message":"http_request","method":"GET","path":"/health","status":200,"durationMs":0}
{"timestamp":"2026-07-31T19:24:03.941Z","level":"audit","message":"http_request","method":"GET","path":"/health","status":200,"durationMs":1}
{"timestamp":"2026-07-31T19:24:03.946Z","level":"audit","message":"http_request","method":"GET","path":"/health","status":200,"durationMs":0}
{"timestamp":"2026-07-31T19:24:13.937Z","level":"audit","message":"http_request","method":"GET","path":"/health","status":200,"durationMs":1}
{"timestamp":"2026-07-31T19:24:13.942Z","level":"audit","message":"http_request","method":"GET","path":"/health","status":200,"durationMs":0}
{"timestamp":"2026-07-31T19:27:27.915Z","level":"audit","message":"http_request","method":"GET","path":"/api/resources","status":200,"durationMs":1}
{"timestamp":"2026-07-31T19:27:27.954Z","level":"audit","message":"http_request","method":"GET","path":"/api/data/ia_conversaciones?limit=2&orderDirection=DESC","status":200,"durationMs":36}
{"timestamp":"2026-07-31T19:27:27.962Z","level":"audit","message":"http_request","method":"GET","path":"/api/data/ia_generaciones?limit=2&orderDirection=DESC","status":200,"durationMs":5}
{"timestamp":"2026-07-31T19:27:27.971Z","level":"audit","message":"http_request","method":"GET","path":"/api/data/ia_mensajes?limit=2&orderDirection=DESC","status":200,"durationMs":5}
{"timestamp":"2026-07-31T19:27:27.978Z","level":"audit","message":"http_request","method":"GET","path":"/api/data/ia_modelos?limit=2&orderDirection=DESC","status":200,"durationMs":4}
{"timestamp":"2026-07-31T19:27:27.986Z","level":"audit","message":"http_request","method":"GET","path":"/api/data/ia_prompts?limit=2&orderDirection=DESC","status":200,"durationMs":4}
{"timestamp":"2026-07-31T19:34:03.371Z","level":"audit","message":"http_request","method":"GET","path":"/health","status":200,"durationMs":0}
{"timestamp":"2026-07-31T19:34:03.380Z","level":"audit","message":"http_request","method":"GET","path":"/health","status":200,"durationMs":1}
{"timestamp":"2026-07-31T19:36:47.937Z","level":"audit","message":"http_request","method":"GET","path":"/health","status":200,"durationMs":2}
{"timestamp":"2026-07-31T19:36:47.941Z","level":"audit","message":"http_request","method":"GET","path":"/health","status":200,"durationMs":0}
{"timestamp":"2026-07-31T19:46:47.605Z","level":"audit","message":"http_request","method":"GET","path":"/health","status":200,"durationMs":2}
{"timestamp":"2026-07-31T19:49:17.091Z","level":"audit","message":"http_request","method":"GET","path":"/health","status":200,"durationMs":1}
{"timestamp":"2026-07-31T19:49:17.100Z","level":"audit","message":"http_request","method":"GET","path":"/health","status":200,"durationMs":1}
{"timestamp":"2026-07-31T19:49:18.655Z","level":"audit","message":"http_request","method":"GET","path":"/health","status":200,"durationMs":1}
{"timestamp":"2026-07-31T19:49:18.670Z","level":"audit","message":"http_request","method":"GET","path":"/health","status":200,"durationMs":1}
{"timestamp":"2026-07-31T19:49:32.538Z","level":"audit","message":"http_request","method":"GET","path":"/health","status":200,"durationMs":2}
{"timestamp":"2026-07-31T19:49:32.555Z","level":"audit","message":"http_request","method":"GET","path":"/health","status":200,"durationMs":3}
{"timestamp":"2026-07-31T19:50:53.954Z","level":"audit","message":"http_request","method":"GET","path":"/health","status":200,"durationMs":1}
{"timestamp":"2026-07-31T19:50:53.965Z","level":"audit","message":"http_request","method":"GET","path":"/health","status":200,"durationMs":3}
{"timestamp":"2026-07-31T19:51:12.398Z","level":"audit","message":"http_request","method":"GET","path":"/health","status":200,"durationMs":2}
{"timestamp":"2026-07-31T19:51:12.404Z","level":"audit","message":"http_request","method":"GET","path":"/health","status":200,"durationMs":1}
{"timestamp":"2026-07-31T19:51:57.847Z","level":"audit","message":"http_request","method":"GET","path":"/health","status":200,"durationMs":2}
{"timestamp":"2026-07-31T19:51:57.854Z","level":"audit","message":"http_request","method":"GET","path":"/health","status":200,"durationMs":1}
{"timestamp":"2026-07-31T19:56:38.710Z","level":"audit","message":"http_request","method":"GET","path":"/api/resources","status":200,"durationMs":13}
{"timestamp":"2026-07-31T19:56:52.436Z","level":"audit","message":"http_request","method":"GET","path":"/api/data/ia_modelos?limit=3","status":200,"durationMs":59}
{"timestamp":"2026-07-31T19:57:13.947Z","level":"audit","message":"http_request","method":"GET","path":"/health","status":200,"durationMs":0}
{"timestamp":"2026-07-31T20:05:56.563Z","level":"audit","message":"http_request","method":"GET","path":"/health","status":200,"durationMs":10}
{"timestamp":"2026-07-31T20:06:09.738Z","level":"audit","message":"http_request","method":"PATCH","path":"/api/data/ia_modelos/1","status":200,"durationMs":84}
{"timestamp":"2026-07-31T20:06:10.026Z","level":"audit","message":"http_request","method":"GET","path":"/api/data/ia_modelos?limit=1","status":200,"durationMs":9}
{"timestamp":"2026-07-31T20:06:10.034Z","level":"audit","message":"http_request","method":"GET","path":"/api/data/ia_prompts?limit=1","status":200,"durationMs":5}
{"timestamp":"2026-07-31T20:06:10.045Z","level":"audit","message":"http_request","method":"GET","path":"/api/data/ia_generaciones?limit=1","status":200,"durationMs":7}
{"timestamp":"2026-07-31T20:09:14.026Z","level":"audit","message":"http_request","method":"GET","path":"/api/data/ia_modelos/1","status":200,"durationMs":15}
{"timestamp":"2026-07-31T20:09:14.071Z","level":"audit","message":"http_request","method":"GET","path":"/health","status":200,"durationMs":2}
{"timestamp":"2026-07-31T20:10:31.102Z","level":"audit","message":"http_request","method":"GET","path":"/health","status":200,"durationMs":0}
{"timestamp":"2026-07-31T20:10:31.157Z","level":"audit","message":"http_request","method":"GET","path":"/health","status":200,"durationMs":1}
{"timestamp":"2026-07-31T20:10:31.199Z","level":"audit","message":"http_request","method":"GET","path":"/health","status":200,"durationMs":1}
{"timestamp":"2026-07-31T20:10:31.232Z","level":"audit","message":"http_request","method":"GET","path":"/health","status":200,"durationMs":0}
{"timestamp":"2026-07-31T20:25:12.336Z","level":"audit","message":"http_request","method":"GET","path":"/health","status":200,"durationMs":4}
{"timestamp":"2026-07-31T20:25:12.438Z","level":"audit","message":"http_request","method":"POST","path":"/api/generate-exercises","status":201,"durationMs":17}
{"timestamp":"2026-07-31T20:25:12.460Z","level":"audit","message":"http_request","method":"POST","path":"/api/tutor","status":200,"durationMs":16}
{"timestamp":"2026-07-31T20:25:12.472Z","level":"audit","message":"http_request","method":"GET","path":"/api/resources","status":200,"durationMs":1}
{"timestamp":"2026-07-31T20:25:12.491Z","level":"audit","message":"http_request","method":"DELETE","path":"/api/data/ia_generaciones/2","status":200,"durationMs":6}
{"timestamp":"2026-07-31T20:25:12.501Z","level":"audit","message":"http_request","method":"GET","path":"/api/data/ia_mensajes?limit=100","status":200,"durationMs":8}
{"timestamp":"2026-07-31T20:25:12.507Z","level":"audit","message":"http_request","method":"DELETE","path":"/api/data/ia_mensajes/3","status":200,"durationMs":3}
{"timestamp":"2026-07-31T20:25:12.512Z","level":"audit","message":"http_request","method":"DELETE","path":"/api/data/ia_mensajes/4","status":200,"durationMs":2}
{"timestamp":"2026-07-31T20:25:12.517Z","level":"audit","message":"http_request","method":"DELETE","path":"/api/data/ia_conversaciones/3f802983-1298-4dab-9a0d-ff44f4c7d443","status":200,"durationMs":3}
{"timestamp":"2026-07-31T20:25:23.065Z","level":"audit","message":"http_request","method":"GET","path":"/","status":404,"durationMs":1}
{"timestamp":"2026-07-31T20:27:10.976Z","level":"audit","message":"http_request","method":"GET","path":"/api/resources","status":200,"durationMs":0}
{"timestamp":"2026-07-31T20:27:10.986Z","level":"audit","message":"http_request","method":"GET","path":"/api/data/ia_conversaciones?limit=2","status":200,"durationMs":7}
{"timestamp":"2026-07-31T20:27:10.991Z","level":"audit","message":"http_request","method":"GET","path":"/api/data/ia_generaciones?limit=2","status":200,"durationMs":2}
{"timestamp":"2026-07-31T20:27:10.996Z","level":"audit","message":"http_request","method":"GET","path":"/api/data/ia_mensajes?limit=2","status":200,"durationMs":2}
{"timestamp":"2026-07-31T20:27:11.001Z","level":"audit","message":"http_request","method":"GET","path":"/api/data/ia_modelos?limit=2","status":200,"durationMs":3}
{"timestamp":"2026-07-31T20:27:11.006Z","level":"audit","message":"http_request","method":"GET","path":"/api/data/ia_prompts?limit=2","status":200,"durationMs":3}
{"timestamp":"2026-07-31T20:28:32.833Z","level":"audit","message":"http_request","method":"GET","path":"/health","status":200,"durationMs":1}
{"timestamp":"2026-07-31T20:29:40.059Z","level":"audit","message":"http_request","method":"GET","path":"/health","status":200,"durationMs":1}
{"timestamp":"2026-07-31T20:33:50.376Z","level":"audit","message":"http_request","method":"GET","path":"/health","status":200,"durationMs":2}
{"timestamp":"2026-07-31T20:33:50.391Z","level":"audit","message":"http_request","method":"GET","path":"/health","status":200,"durationMs":1}
{"timestamp":"2026-07-31T20:33:51.019Z","level":"audit","message":"http_request","method":"GET","path":"/health","status":200,"durationMs":3}
{"timestamp":"2026-07-31T20:33:51.029Z","level":"audit","message":"http_request","method":"GET","path":"/health","status":200,"durationMs":1}
{"timestamp":"2026-07-31T20:36:52.884Z","level":"audit","message":"http_request","method":"GET","path":"/api/resources","status":200,"durationMs":20}
{"timestamp":"2026-07-31T20:36:52.929Z","level":"audit","message":"http_request","method":"GET","path":"/api/data/aprendizaje_configuracion_sitio?limit=200&orderDirection=DESC","status":404,"durationMs":20}
{"timestamp":"2026-07-31T20:37:18.943Z","level":"audit","message":"http_request","method":"GET","path":"/api/resources","status":200,"durationMs":3}
{"timestamp":"2026-07-31T20:37:18.987Z","level":"audit","message":"http_request","method":"GET","path":"/api/resources","status":200,"durationMs":1}
{"timestamp":"2026-07-31T20:37:18.989Z","level":"audit","message":"http_request","method":"GET","path":"/health","status":200,"durationMs":0}
{"timestamp":"2026-07-31T20:37:19.014Z","level":"audit","message":"http_request","method":"GET","path":"/api/data/ia_modelos?limit=200&orderDirection=DESC","status":200,"durationMs":68}
{"timestamp":"2026-07-31T20:37:19.022Z","level":"audit","message":"http_request","method":"GET","path":"/api/data/ia_modelos?limit=200&orderDirection=DESC","status":200,"durationMs":3}
{"timestamp":"2026-07-31T20:38:11.278Z","level":"audit","message":"http_request","method":"GET","path":"/health","status":200,"durationMs":1}
{"timestamp":"2026-07-31T20:39:32.941Z","level":"audit","message":"http_request","method":"GET","path":"/api/resources","status":200,"durationMs":1}
{"timestamp":"2026-07-31T20:39:32.955Z","level":"audit","message":"http_request","method":"GET","path":"/api/data/ia_prompts?limit=200&orderDirection=DESC","status":200,"durationMs":26}
{"timestamp":"2026-07-31T20:39:33.535Z","level":"audit","message":"http_request","method":"GET","path":"/api/resources","status":200,"durationMs":1}
{"timestamp":"2026-07-31T20:39:33.544Z","level":"audit","message":"http_request","method":"GET","path":"/api/data/ia_generaciones?limit=200&orderDirection=DESC","status":200,"durationMs":7}
{"timestamp":"2026-07-31T20:39:35.910Z","level":"audit","message":"http_request","method":"GET","path":"/api/resources","status":200,"durationMs":1}
{"timestamp":"2026-07-31T20:39:35.917Z","level":"audit","message":"http_request","method":"GET","path":"/api/data/ia_modelos?limit=200&orderDirection=DESC","status":200,"durationMs":5}
{"timestamp":"2026-07-31T20:43:43.942Z","level":"audit","message":"http_request","method":"GET","path":"/health","status":200,"durationMs":2}
{"timestamp":"2026-07-31T20:49:39.540Z","level":"audit","message":"http_request","method":"GET","path":"/api/models/status","status":200,"durationMs":37}
{"timestamp":"2026-07-31T20:49:39.564Z","level":"audit","message":"http_request","method":"POST","path":"/api/generate-exercises","status":201,"durationMs":18}
{"timestamp":"2026-07-31T20:49:39.579Z","level":"audit","message":"http_request","method":"POST","path":"/api/generate-exercises","status":201,"durationMs":11}
{"timestamp":"2026-07-31T20:49:39.603Z","level":"audit","message":"http_request","method":"POST","path":"/api/tutor","status":200,"durationMs":20}
{"timestamp":"2026-07-31T20:49:39.612Z","level":"audit","message":"http_request","method":"DELETE","path":"/api/data/ia_generaciones/3","status":200,"durationMs":5}
{"timestamp":"2026-07-31T20:49:39.618Z","level":"audit","message":"http_request","method":"DELETE","path":"/api/data/ia_generaciones/4","status":200,"durationMs":2}
{"timestamp":"2026-07-31T20:49:39.626Z","level":"audit","message":"http_request","method":"GET","path":"/api/data/ia_mensajes?limit=100","status":200,"durationMs":4}
{"timestamp":"2026-07-31T20:49:39.632Z","level":"audit","message":"http_request","method":"DELETE","path":"/api/data/ia_mensajes/5","status":200,"durationMs":2}
{"timestamp":"2026-07-31T20:49:39.638Z","level":"audit","message":"http_request","method":"DELETE","path":"/api/data/ia_mensajes/6","status":200,"durationMs":3}
{"timestamp":"2026-07-31T20:49:39.645Z","level":"audit","message":"http_request","method":"DELETE","path":"/api/data/ia_conversaciones/d4894d8f-669b-4dba-be5e-1ba822d11297","status":200,"durationMs":4}
{"timestamp":"2026-07-31T20:57:36.987Z","level":"audit","message":"http_request","method":"GET","path":"/api/models/status","status":200,"durationMs":28}
{"timestamp":"2026-07-31T21:09:57.913Z","level":"audit","message":"http_request","method":"POST","path":"/api/generate-exercises","status":201,"durationMs":39}
{"timestamp":"2026-07-31T21:51:43.963Z","level":"audit","message":"http_request","method":"POST","path":"/api/generate-exercises","status":201,"durationMs":54}
{"timestamp":"2026-07-31T21:56:31.129Z","level":"audit","message":"http_request","method":"GET","path":"/health","status":200,"durationMs":18}
{"timestamp":"2026-08-03T16:43:18.394Z","level":"audit","message":"http_request","method":"GET","path":"/health","status":200,"durationMs":4}
{"timestamp":"2026-08-03T16:55:10.305Z","level":"audit","message":"http_request","method":"GET","path":"/api/resources","status":200,"durationMs":16}
{"timestamp":"2026-08-03T17:03:48.032Z","level":"audit","message":"http_request","method":"POST","path":"/api/data/ia_conversaciones","status":201,"durationMs":210}
{"timestamp":"2026-08-03T17:03:48.081Z","level":"audit","message":"http_request","method":"POST","path":"/api/data/ia_mensajes","status":201,"durationMs":34}
{"timestamp":"2026-08-03T17:03:48.112Z","level":"audit","message":"http_request","method":"PATCH","path":"/api/data/ia_conversaciones/1ab2d39d-6e7d-4687-8c83-b31521825b38","status":200,"durationMs":23}
{"timestamp":"2026-08-03T17:03:48.144Z","level":"audit","message":"http_request","method":"DELETE","path":"/api/data/ia_mensajes/7","status":200,"durationMs":8}
{"timestamp":"2026-08-03T17:03:48.173Z","level":"audit","message":"http_request","method":"DELETE","path":"/api/data/ia_conversaciones/1ab2d39d-6e7d-4687-8c83-b31521825b38","status":200,"durationMs":10}
{"timestamp":"2026-08-03T17:08:35.967Z","level":"audit","message":"http_request","method":"GET","path":"/health","status":200,"durationMs":2}
