{"timestamp":"2026-07-29T23:22:22.126Z","level":"audit","message":"http_request","method":"GET","path":"/health","status":200,"durationMs":10}
{"timestamp":"2026-07-29T23:22:22.466Z","level":"audit","message":"http_request","method":"GET","path":"/health","status":200,"durationMs":3}
{"timestamp":"2026-07-29T23:22:22.662Z","level":"audit","message":"http_request","method":"GET","path":"/api/catalog","status":200,"durationMs":138}
{"timestamp":"2026-07-29T23:22:22.735Z","level":"audit","message":"http_request","method":"GET","path":"/api/lessons/suma-numeros-naturales","status":200,"durationMs":39}
{"timestamp":"2026-07-29T23:27:42.230Z","level":"audit","message":"http_request","method":"GET","path":"/health","status":200,"durationMs":25}
{"timestamp":"2026-07-29T23:27:46.564Z","level":"audit","message":"http_request","method":"GET","path":"/health","status":200,"durationMs":2}
{"timestamp":"2026-07-29T23:29:46.292Z","level":"audit","message":"http_request","method":"GET","path":"/health","status":200,"durationMs":1}
{"timestamp":"2026-07-29T23:29:46.684Z","level":"audit","message":"http_request","method":"GET","path":"/api/catalog","status":200,"durationMs":340}
{"timestamp":"2026-07-29T23:29:47.200Z","level":"audit","message":"http_request","method":"GET","path":"/api/resources","status":200,"durationMs":2}
{"timestamp":"2026-07-29T23:30:00.948Z","level":"audit","message":"http_request","method":"GET","path":"/api/resources","status":200,"durationMs":1}
{"timestamp":"2026-07-29T23:30:18.392Z","level":"audit","message":"http_request","method":"GET","path":"/health","status":200,"durationMs":2}
{"timestamp":"2026-07-29T23:30:18.585Z","level":"audit","message":"http_request","method":"GET","path":"/api/catalog","status":200,"durationMs":63}
{"timestamp":"2026-07-29T23:30:18.654Z","level":"audit","message":"http_request","method":"GET","path":"/api/resources","status":200,"durationMs":2}
{"timestamp":"2026-07-31T18:42:07.851Z","level":"audit","message":"http_request","method":"GET","path":"/health","status":200,"durationMs":5}
{"timestamp":"2026-07-31T18:42:21.297Z","level":"audit","message":"http_request","method":"GET","path":"/api/catalog","status":200,"durationMs":102}
{"timestamp":"2026-07-31T18:42:21.491Z","level":"audit","message":"http_request","method":"GET","path":"/api/lessons/suma-numeros-naturales","status":200,"durationMs":19}
{"timestamp":"2026-07-31T18:46:42.359Z","level":"audit","message":"http_request","method":"GET","path":"/api/catalog","status":200,"durationMs":98}
{"timestamp":"2026-07-31T18:46:42.381Z","level":"audit","message":"http_request","method":"GET","path":"/api/catalog","status":200,"durationMs":6}
{"timestamp":"2026-07-31T18:46:51.113Z","level":"audit","message":"http_request","method":"GET","path":"/api/lessons/suma-numeros-naturales","status":200,"durationMs":10}
{"timestamp":"2026-07-31T18:46:51.123Z","level":"audit","message":"http_request","method":"GET","path":"/api/lessons/suma-numeros-naturales","status":200,"durationMs":5}
{"timestamp":"2026-07-31T18:48:54.348Z","level":"audit","message":"http_request","method":"GET","path":"/api/lessons/suma-numeros-naturales","status":200,"durationMs":15}
{"timestamp":"2026-07-31T18:49:26.984Z","level":"audit","message":"http_request","method":"GET","path":"/api/catalog","status":200,"durationMs":30}
{"timestamp":"2026-07-31T18:50:11.952Z","level":"audit","message":"http_request","method":"GET","path":"/api/catalog","status":200,"durationMs":12}
{"timestamp":"2026-07-31T18:50:48.967Z","level":"audit","message":"http_request","method":"GET","path":"/api/catalog","status":200,"durationMs":12}
{"timestamp":"2026-07-31T18:51:08.956Z","level":"audit","message":"http_request","method":"GET","path":"/api/catalog","status":200,"durationMs":18}
{"timestamp":"2026-07-31T18:52:48.966Z","level":"audit","message":"http_request","method":"GET","path":"/api/catalog","status":200,"durationMs":15}
{"timestamp":"2026-07-31T18:55:20.949Z","level":"audit","message":"http_request","method":"GET","path":"/api/catalog","status":200,"durationMs":13}
{"timestamp":"2026-07-31T18:55:30.948Z","level":"audit","message":"http_request","method":"GET","path":"/api/catalog","status":200,"durationMs":5}
{"timestamp":"2026-07-31T19:07:07.935Z","level":"audit","message":"http_request","method":"GET","path":"/api/catalog","status":200,"durationMs":83}
{"timestamp":"2026-07-31T19:07:08.062Z","level":"audit","message":"http_request","method":"GET","path":"/api/lessons/suma-numeros-naturales","status":200,"durationMs":18}
{"timestamp":"2026-07-31T19:07:08.183Z","level":"audit","message":"http_request","method":"GET","path":"/api/lessons/suma-fracciones","status":200,"durationMs":12}
{"timestamp":"2026-07-31T19:07:08.495Z","level":"audit","message":"http_request","method":"GET","path":"/api/lessons/ecuaciones-lineales-s1","status":200,"durationMs":73}
{"timestamp":"2026-07-31T19:10:07.396Z","level":"audit","message":"http_request","method":"GET","path":"/api/catalog","status":200,"durationMs":14}
{"timestamp":"2026-07-31T19:10:07.538Z","level":"audit","message":"http_request","method":"GET","path":"/api/catalog","status":200,"durationMs":3}
{"timestamp":"2026-07-31T19:10:07.754Z","level":"audit","message":"http_request","method":"GET","path":"/api/lessons/","status":200,"durationMs":3}
{"timestamp":"2026-07-31T19:10:22.478Z","level":"audit","message":"http_request","method":"GET","path":"/api/lessons/suma-numeros-naturales","status":200,"durationMs":18}
{"timestamp":"2026-07-31T19:10:22.659Z","level":"audit","message":"http_request","method":"GET","path":"/api/lessons/suma-fracciones","status":200,"durationMs":6}
{"timestamp":"2026-07-31T19:10:22.946Z","level":"audit","message":"http_request","method":"GET","path":"/api/lessons/ecuaciones-lineales-s1","status":200,"durationMs":9}
{"timestamp":"2026-07-31T19:18:03.588Z","level":"audit","message":"http_request","method":"GET","path":"/api/catalog","status":200,"durationMs":94}
{"timestamp":"2026-07-31T19:18:03.603Z","level":"audit","message":"http_request","method":"GET","path":"/api/catalog","status":200,"durationMs":8}
{"timestamp":"2026-07-31T19:18:13.788Z","level":"audit","message":"http_request","method":"GET","path":"/api/lessons/suma-numeros-naturales","status":200,"durationMs":23}
{"timestamp":"2026-07-31T19:18:13.799Z","level":"audit","message":"http_request","method":"GET","path":"/api/lessons/suma-numeros-naturales","status":200,"durationMs":6}
{"timestamp":"2026-07-31T19:18:41.913Z","level":"audit","message":"http_request","method":"GET","path":"/health","status":200,"durationMs":1}
{"timestamp":"2026-07-31T19:18:41.955Z","level":"audit","message":"http_request","method":"GET","path":"/health","status":200,"durationMs":1}
{"timestamp":"2026-07-31T19:18:44.884Z","level":"audit","message":"http_request","method":"GET","path":"/health","status":200,"durationMs":1}
{"timestamp":"2026-07-31T19:18:44.894Z","level":"audit","message":"http_request","method":"GET","path":"/health","status":200,"durationMs":0}
{"timestamp":"2026-07-31T19:18:52.201Z","level":"audit","message":"http_request","method":"GET","path":"/health","status":200,"durationMs":1}
{"timestamp":"2026-07-31T19:18:52.213Z","level":"audit","message":"http_request","method":"GET","path":"/health","status":200,"durationMs":1}
{"timestamp":"2026-07-31T19:20:12.107Z","level":"audit","message":"http_request","method":"GET","path":"/health","status":200,"durationMs":1}
{"timestamp":"2026-07-31T19:20:12.131Z","level":"audit","message":"http_request","method":"GET","path":"/api/resources","status":200,"durationMs":8}
{"timestamp":"2026-07-31T19:20:59.655Z","level":"audit","message":"http_request","method":"GET","path":"/api/resources","status":200,"durationMs":0}
{"timestamp":"2026-07-31T19:20:59.765Z","level":"audit","message":"http_request","method":"GET","path":"/api/data/=2&orderDirection=DESC","status":404,"durationMs":12}
{"timestamp":"2026-07-31T19:20:59.796Z","level":"audit","message":"http_request","method":"GET","path":"/api/data/=2&orderDirection=DESC","status":404,"durationMs":2}
{"timestamp":"2026-07-31T19:20:59.800Z","level":"audit","message":"http_request","method":"GET","path":"/api/data/=2&orderDirection=DESC","status":404,"durationMs":2}
{"timestamp":"2026-07-31T19:20:59.804Z","level":"audit","message":"http_request","method":"GET","path":"/api/data/=2&orderDirection=DESC","status":404,"durationMs":1}
{"timestamp":"2026-07-31T19:20:59.808Z","level":"audit","message":"http_request","method":"GET","path":"/api/data/=2&orderDirection=DESC","status":404,"durationMs":1}
{"timestamp":"2026-07-31T19:20:59.815Z","level":"audit","message":"http_request","method":"GET","path":"/api/data/=2&orderDirection=DESC","status":404,"durationMs":1}
{"timestamp":"2026-07-31T19:20:59.822Z","level":"audit","message":"http_request","method":"GET","path":"/api/data/=2&orderDirection=DESC","status":404,"durationMs":2}
{"timestamp":"2026-07-31T19:20:59.827Z","level":"audit","message":"http_request","method":"GET","path":"/api/data/=2&orderDirection=DESC","status":404,"durationMs":2}
{"timestamp":"2026-07-31T19:21:22.418Z","level":"audit","message":"http_request","method":"GET","path":"/api/data/aprendizaje_categorias?limit=2","status":200,"durationMs":27}
{"timestamp":"2026-07-31T19:21:22.444Z","level":"audit","message":"http_request","method":"GET","path":"/api/resources","status":200,"durationMs":0}
{"timestamp":"2026-07-31T19:21:24.495Z","level":"audit","message":"http_request","method":"GET","path":"/api/data/aprendizaje_categorias?limit=2","status":200,"durationMs":2}
{"timestamp":"2026-07-31T19:22:27.087Z","level":"audit","message":"http_request","method":"GET","path":"/api/catalog","status":200,"durationMs":26}
{"timestamp":"2026-07-31T19:22:27.093Z","level":"audit","message":"http_request","method":"GET","path":"/api/lessons/suma-numeros-naturales","status":200,"durationMs":40}
{"timestamp":"2026-07-31T19:22:28.071Z","level":"audit","message":"http_request","method":"GET","path":"/api/lessons/suma-numeros-naturales","status":200,"durationMs":39}
{"timestamp":"2026-07-31T19:22:28.076Z","level":"audit","message":"http_request","method":"GET","path":"/api/catalog","status":200,"durationMs":35}
{"timestamp":"2026-07-31T19:22:28.104Z","level":"audit","message":"http_request","method":"GET","path":"/api/catalog","status":200,"durationMs":16}
{"timestamp":"2026-07-31T19:22:28.108Z","level":"audit","message":"http_request","method":"GET","path":"/api/lessons/suma-numeros-naturales","status":200,"durationMs":21}
{"timestamp":"2026-07-31T19:23:02.370Z","level":"audit","message":"http_request","method":"GET","path":"/health","status":200,"durationMs":0}
{"timestamp":"2026-07-31T19:23:02.380Z","level":"audit","message":"http_request","method":"GET","path":"/health","status":200,"durationMs":1}
{"timestamp":"2026-07-31T19:23:17.944Z","level":"audit","message":"http_request","method":"GET","path":"/health","status":200,"durationMs":0}
{"timestamp":"2026-07-31T19:23:17.951Z","level":"audit","message":"http_request","method":"GET","path":"/health","status":200,"durationMs":0}
{"timestamp":"2026-07-31T19:23:56.942Z","level":"audit","message":"http_request","method":"GET","path":"/health","status":200,"durationMs":0}
{"timestamp":"2026-07-31T19:23:56.950Z","level":"audit","message":"http_request","method":"GET","path":"/health","status":200,"durationMs":0}
{"timestamp":"2026-07-31T19:24:03.941Z","level":"audit","message":"http_request","method":"GET","path":"/health","status":200,"durationMs":1}
{"timestamp":"2026-07-31T19:24:03.946Z","level":"audit","message":"http_request","method":"GET","path":"/health","status":200,"durationMs":0}
{"timestamp":"2026-07-31T19:24:13.938Z","level":"audit","message":"http_request","method":"GET","path":"/health","status":200,"durationMs":1}
{"timestamp":"2026-07-31T19:24:13.942Z","level":"audit","message":"http_request","method":"GET","path":"/health","status":200,"durationMs":0}
{"timestamp":"2026-07-31T19:26:38.593Z","level":"audit","message":"http_request","method":"POST","path":"/api/data/not-a-resource","status":404,"durationMs":3}
{"timestamp":"2026-07-31T19:26:53.049Z","level":"audit","message":"http_request","method":"GET","path":"/api/lessons/suma-numeros-naturales","status":200,"durationMs":17}
{"timestamp":"2026-07-31T19:26:53.082Z","level":"audit","message":"http_request","method":"GET","path":"/api/lessons/suma-fracciones","status":200,"durationMs":7}
{"timestamp":"2026-07-31T19:26:53.128Z","level":"audit","message":"http_request","method":"GET","path":"/api/lessons/ecuaciones-lineales-s1","status":200,"durationMs":15}
{"timestamp":"2026-07-31T19:27:27.715Z","level":"audit","message":"http_request","method":"GET","path":"/api/resources","status":200,"durationMs":0}
{"timestamp":"2026-07-31T19:27:27.812Z","level":"audit","message":"http_request","method":"GET","path":"/api/data/aprendizaje_categorias?limit=2&orderDirection=DESC","status":200,"durationMs":6}
{"timestamp":"2026-07-31T19:27:27.824Z","level":"audit","message":"http_request","method":"GET","path":"/api/data/aprendizaje_configuracion_sitio?limit=2&orderDirection=DESC","status":200,"durationMs":7}
{"timestamp":"2026-07-31T19:27:27.830Z","level":"audit","message":"http_request","method":"GET","path":"/api/data/aprendizaje_lecciones?limit=2&orderDirection=DESC","status":200,"durationMs":3}
{"timestamp":"2026-07-31T19:27:27.837Z","level":"audit","message":"http_request","method":"GET","path":"/api/data/aprendizaje_medios?limit=2&orderDirection=DESC","status":200,"durationMs":3}
{"timestamp":"2026-07-31T19:27:27.841Z","level":"audit","message":"http_request","method":"GET","path":"/api/data/aprendizaje_medios_leccion?limit=2&orderDirection=DESC","status":200,"durationMs":2}
{"timestamp":"2026-07-31T19:27:27.850Z","level":"audit","message":"http_request","method":"GET","path":"/api/data/aprendizaje_niveles_educativos?limit=2&orderDirection=DESC","status":200,"durationMs":4}
{"timestamp":"2026-07-31T19:27:27.855Z","level":"audit","message":"http_request","method":"GET","path":"/api/data/aprendizaje_recursos?limit=2&orderDirection=DESC","status":200,"durationMs":3}
{"timestamp":"2026-07-31T19:27:27.860Z","level":"audit","message":"http_request","method":"GET","path":"/api/data/aprendizaje_secciones_leccion?limit=2&orderDirection=DESC","status":200,"durationMs":2}
{"timestamp":"2026-07-31T19:27:28.074Z","level":"audit","message":"http_request","method":"POST","path":"/api/data/aprendizaje_configuracion_sitio","status":201,"durationMs":27}
{"timestamp":"2026-07-31T19:27:28.087Z","level":"audit","message":"http_request","method":"PATCH","path":"/api/data/aprendizaje_configuracion_sitio/__codex_admin_smoke_test__","status":200,"durationMs":9}
{"timestamp":"2026-07-31T19:27:28.091Z","level":"audit","message":"http_request","method":"GET","path":"/api/data/aprendizaje_configuracion_sitio?setting_key=__codex_admin_smoke_test__","status":200,"durationMs":2}
{"timestamp":"2026-07-31T19:27:28.127Z","level":"audit","message":"http_request","method":"DELETE","path":"/api/data/aprendizaje_configuracion_sitio/__codex_admin_smoke_test__","status":200,"durationMs":4}
{"timestamp":"2026-07-31T19:27:46.444Z","level":"audit","message":"http_request","method":"GET","path":"/api/data/aprendizaje_configuracion_sitio?setting_key=__codex_admin_smoke_test__","status":200,"durationMs":5}
{"timestamp":"2026-07-31T19:34:03.371Z","level":"audit","message":"http_request","method":"GET","path":"/health","status":200,"durationMs":0}
{"timestamp":"2026-07-31T19:34:03.379Z","level":"audit","message":"http_request","method":"GET","path":"/health","status":200,"durationMs":0}
{"timestamp":"2026-07-31T19:35:44.026Z","level":"audit","message":"http_request","method":"GET","path":"/api/catalog","status":200,"durationMs":47}
{"timestamp":"2026-07-31T19:35:44.030Z","level":"audit","message":"http_request","method":"GET","path":"/api/lessons/suma-numeros-naturales","status":200,"durationMs":66}
{"timestamp":"2026-07-31T19:35:44.044Z","level":"audit","message":"http_request","method":"GET","path":"/api/lessons/suma-numeros-naturales","status":200,"durationMs":7}
{"timestamp":"2026-07-31T19:36:28.000Z","level":"audit","message":"http_request","method":"GET","path":"/api/catalog","status":200,"durationMs":34}
{"timestamp":"2026-07-31T19:36:28.008Z","level":"audit","message":"http_request","method":"GET","path":"/api/lessons/suma-numeros-naturales","status":200,"durationMs":46}
{"timestamp":"2026-07-31T19:36:47.936Z","level":"audit","message":"http_request","method":"GET","path":"/health","status":200,"durationMs":1}
{"timestamp":"2026-07-31T19:36:47.941Z","level":"audit","message":"http_request","method":"GET","path":"/health","status":200,"durationMs":0}
{"timestamp":"2026-07-31T19:41:04.989Z","level":"audit","message":"http_request","method":"GET","path":"/api/catalog","status":200,"durationMs":21}
{"timestamp":"2026-07-31T19:41:04.998Z","level":"audit","message":"http_request","method":"GET","path":"/api/lessons/suma-numeros-naturales","status":200,"durationMs":36}
{"timestamp":"2026-07-31T19:41:52.993Z","level":"audit","message":"http_request","method":"GET","path":"/api/catalog","status":200,"durationMs":28}
{"timestamp":"2026-07-31T19:41:52.996Z","level":"audit","message":"http_request","method":"GET","path":"/api/lessons/suma-numeros-naturales","status":200,"durationMs":36}
{"timestamp":"2026-07-31T19:46:47.605Z","level":"audit","message":"http_request","method":"GET","path":"/health","status":200,"durationMs":3}
{"timestamp":"2026-07-31T19:49:17.091Z","level":"audit","message":"http_request","method":"GET","path":"/health","status":200,"durationMs":2}
{"timestamp":"2026-07-31T19:49:17.099Z","level":"audit","message":"http_request","method":"GET","path":"/health","status":200,"durationMs":1}
{"timestamp":"2026-07-31T19:49:18.653Z","level":"audit","message":"http_request","method":"GET","path":"/health","status":200,"durationMs":2}
{"timestamp":"2026-07-31T19:49:18.668Z","level":"audit","message":"http_request","method":"GET","path":"/health","status":200,"durationMs":1}
{"timestamp":"2026-07-31T19:49:32.536Z","level":"audit","message":"http_request","method":"GET","path":"/health","status":200,"durationMs":1}
{"timestamp":"2026-07-31T19:49:32.553Z","level":"audit","message":"http_request","method":"GET","path":"/health","status":200,"durationMs":2}
{"timestamp":"2026-07-31T19:50:53.954Z","level":"audit","message":"http_request","method":"GET","path":"/health","status":200,"durationMs":2}
{"timestamp":"2026-07-31T19:50:53.964Z","level":"audit","message":"http_request","method":"GET","path":"/health","status":200,"durationMs":3}
{"timestamp":"2026-07-31T19:51:12.398Z","level":"audit","message":"http_request","method":"GET","path":"/health","status":200,"durationMs":3}
{"timestamp":"2026-07-31T19:51:12.403Z","level":"audit","message":"http_request","method":"GET","path":"/health","status":200,"durationMs":1}
{"timestamp":"2026-07-31T19:51:57.846Z","level":"audit","message":"http_request","method":"GET","path":"/health","status":200,"durationMs":1}
{"timestamp":"2026-07-31T19:51:57.853Z","level":"audit","message":"http_request","method":"GET","path":"/health","status":200,"durationMs":1}
{"timestamp":"2026-07-31T19:54:29.212Z","level":"audit","message":"http_request","method":"GET","path":"/api/resources","status":200,"durationMs":12}
{"timestamp":"2026-07-31T19:54:29.225Z","level":"audit","message":"http_request","method":"GET","path":"/api/resources","status":200,"durationMs":1}
{"timestamp":"2026-07-31T19:54:29.299Z","level":"audit","message":"http_request","method":"GET","path":"/api/data/aprendizaje_categorias?limit=50&orderDirection=DESC","status":200,"durationMs":71}
{"timestamp":"2026-07-31T19:54:29.310Z","level":"audit","message":"http_request","method":"GET","path":"/api/data/aprendizaje_categorias?limit=50&orderDirection=DESC","status":200,"durationMs":8}
{"timestamp":"2026-07-31T19:56:38.567Z","level":"audit","message":"http_request","method":"GET","path":"/api/resources","status":200,"durationMs":1}
{"timestamp":"2026-07-31T19:56:52.101Z","level":"audit","message":"http_request","method":"GET","path":"/api/data/aprendizaje_niveles_educativos?limit=3","status":200,"durationMs":18}
{"timestamp":"2026-07-31T19:56:52.158Z","level":"audit","message":"http_request","method":"GET","path":"/api/data/aprendizaje_categorias?limit=3","status":200,"durationMs":7}
{"timestamp":"2026-07-31T19:56:52.199Z","level":"audit","message":"http_request","method":"GET","path":"/api/data/aprendizaje_lecciones?limit=3","status":200,"durationMs":8}
{"timestamp":"2026-07-31T19:56:52.216Z","level":"audit","message":"http_request","method":"GET","path":"/api/data/aprendizaje_secciones_leccion?limit=3","status":200,"durationMs":11}
{"timestamp":"2026-07-31T19:56:52.233Z","level":"audit","message":"http_request","method":"GET","path":"/api/data/aprendizaje_medios?limit=3","status":200,"durationMs":6}
{"timestamp":"2026-07-31T19:56:52.242Z","level":"audit","message":"http_request","method":"GET","path":"/api/data/aprendizaje_recursos?limit=3","status":200,"durationMs":4}
{"timestamp":"2026-07-31T19:57:13.943Z","level":"audit","message":"http_request","method":"GET","path":"/api/resources","status":200,"durationMs":1}
{"timestamp":"2026-07-31T19:57:13.945Z","level":"audit","message":"http_request","method":"GET","path":"/health","status":200,"durationMs":0}
{"timestamp":"2026-07-31T19:57:13.963Z","level":"audit","message":"http_request","method":"GET","path":"/api/data/aprendizaje_categorias?limit=50&orderDirection=DESC","status":200,"durationMs":8}
{"timestamp":"2026-07-31T20:05:56.389Z","level":"audit","message":"http_request","method":"GET","path":"/health","status":200,"durationMs":4}
{"timestamp":"2026-07-31T20:05:56.524Z","level":"audit","message":"http_request","method":"GET","path":"/health","status":200,"durationMs":1}
{"timestamp":"2026-07-31T20:06:09.785Z","level":"audit","message":"http_request","method":"POST","path":"/api/media/upload","status":400,"durationMs":7}
{"timestamp":"2026-07-31T20:06:09.818Z","level":"audit","message":"http_request","method":"GET","path":"/api/data/aprendizaje_lecciones?limit=1","status":200,"durationMs":20}
{"timestamp":"2026-07-31T20:06:09.832Z","level":"audit","message":"http_request","method":"GET","path":"/api/data/aprendizaje_secciones_leccion?limit=1","status":200,"durationMs":6}
{"timestamp":"2026-07-31T20:06:09.848Z","level":"audit","message":"http_request","method":"GET","path":"/api/data/aprendizaje_niveles_educativos?limit=1","status":200,"durationMs":11}
{"timestamp":"2026-07-31T20:06:09.855Z","level":"audit","message":"http_request","method":"GET","path":"/api/data/aprendizaje_categorias?limit=1","status":200,"durationMs":4}
{"timestamp":"2026-07-31T20:06:09.865Z","level":"audit","message":"http_request","method":"GET","path":"/api/data/aprendizaje_medios?limit=1","status":200,"durationMs":5}
{"timestamp":"2026-07-31T20:06:09.872Z","level":"audit","message":"http_request","method":"GET","path":"/api/data/aprendizaje_recursos?limit=1","status":200,"durationMs":4}
{"timestamp":"2026-07-31T20:06:10.015Z","level":"audit","message":"http_request","method":"GET","path":"/api/data/aprendizaje_configuracion_sitio?limit=1","status":200,"durationMs":4}
{"timestamp":"2026-07-31T20:09:14.072Z","level":"audit","message":"http_request","method":"GET","path":"/health","status":200,"durationMs":1}
{"timestamp":"2026-07-31T20:10:31.090Z","level":"audit","message":"http_request","method":"GET","path":"/api/data/aprendizaje_lecciones?limit=200&orderDirection=DESC","status":200,"durationMs":115}
{"timestamp":"2026-07-31T20:10:31.106Z","level":"audit","message":"http_request","method":"GET","path":"/api/data/aprendizaje_secciones_leccion?limit=200&orderDirection=DESC","status":200,"durationMs":48}
{"timestamp":"2026-07-31T20:10:31.111Z","level":"audit","message":"http_request","method":"GET","path":"/health","status":200,"durationMs":1}
{"timestamp":"2026-07-31T20:10:31.142Z","level":"audit","message":"http_request","method":"GET","path":"/api/data/aprendizaje_lecciones?limit=200&orderDirection=DESC","status":200,"durationMs":14}
{"timestamp":"2026-07-31T20:10:31.158Z","level":"audit","message":"http_request","method":"GET","path":"/api/data/aprendizaje_secciones_leccion?limit=200&orderDirection=DESC","status":200,"durationMs":28}
{"timestamp":"2026-07-31T20:10:31.168Z","level":"audit","message":"http_request","method":"GET","path":"/health","status":200,"durationMs":3}
{"timestamp":"2026-07-31T20:10:31.187Z","level":"audit","message":"http_request","method":"GET","path":"/api/data/aprendizaje_lecciones?limit=200&orderDirection=DESC","status":200,"durationMs":4}
{"timestamp":"2026-07-31T20:10:31.196Z","level":"audit","message":"http_request","method":"GET","path":"/api/data/aprendizaje_secciones_leccion?limit=200&orderDirection=DESC","status":200,"durationMs":6}
{"timestamp":"2026-07-31T20:10:31.204Z","level":"audit","message":"http_request","method":"GET","path":"/health","status":200,"durationMs":1}
{"timestamp":"2026-07-31T20:10:31.219Z","level":"audit","message":"http_request","method":"GET","path":"/api/data/aprendizaje_lecciones?limit=200&orderDirection=DESC","status":200,"durationMs":3}
{"timestamp":"2026-07-31T20:10:31.233Z","level":"audit","message":"http_request","method":"GET","path":"/health","status":200,"durationMs":0}
{"timestamp":"2026-07-31T20:10:31.242Z","level":"audit","message":"http_request","method":"GET","path":"/api/data/aprendizaje_secciones_leccion?limit=200&orderDirection=DESC","status":200,"durationMs":11}
{"timestamp":"2026-07-31T20:10:38.359Z","level":"audit","message":"http_request","method":"GET","path":"/api/resources","status":200,"durationMs":2}
{"timestamp":"2026-07-31T20:10:38.364Z","level":"audit","message":"http_request","method":"GET","path":"/api/resources","status":200,"durationMs":0}
{"timestamp":"2026-07-31T20:10:38.367Z","level":"audit","message":"http_request","method":"GET","path":"/api/data/aprendizaje_lecciones?limit=200&orderDirection=DESC","status":200,"durationMs":5}
{"timestamp":"2026-07-31T20:10:38.373Z","level":"audit","message":"http_request","method":"GET","path":"/api/data/aprendizaje_lecciones?limit=200&orderDirection=DESC","status":200,"durationMs":3}
{"timestamp":"2026-07-31T20:19:26.066Z","level":"audit","message":"http_request","method":"GET","path":"/api/catalog","status":200,"durationMs":33}
{"timestamp":"2026-07-31T20:19:26.072Z","level":"audit","message":"http_request","method":"GET","path":"/api/lessons/suma-numeros-naturales","status":200,"durationMs":64}
{"timestamp":"2026-07-31T20:20:10.965Z","level":"audit","message":"http_request","method":"GET","path":"/api/catalog","status":200,"durationMs":22}
{"timestamp":"2026-07-31T20:20:10.968Z","level":"audit","message":"http_request","method":"GET","path":"/api/lessons/suma-numeros-naturales","status":200,"durationMs":27}
{"timestamp":"2026-07-31T20:20:37.988Z","level":"audit","message":"http_request","method":"GET","path":"/api/catalog","status":200,"durationMs":25}
{"timestamp":"2026-07-31T20:20:37.993Z","level":"audit","message":"http_request","method":"GET","path":"/api/lessons/suma-numeros-naturales","status":200,"durationMs":32}
{"timestamp":"2026-07-31T20:25:12.333Z","level":"audit","message":"http_request","method":"GET","path":"/health","status":200,"durationMs":2}
{"timestamp":"2026-07-31T20:25:12.363Z","level":"audit","message":"http_request","method":"GET","path":"/api/catalog","status":200,"durationMs":20}
{"timestamp":"2026-07-31T20:25:12.373Z","level":"audit","message":"http_request","method":"GET","path":"/api/practice-topics","status":200,"durationMs":7}
{"timestamp":"2026-07-31T20:25:12.463Z","level":"audit","message":"http_request","method":"GET","path":"/api/resources","status":200,"durationMs":0}
{"timestamp":"2026-07-31T20:25:23.060Z","level":"audit","message":"http_request","method":"GET","path":"/","status":404,"durationMs":0}
{"timestamp":"2026-07-31T20:27:10.867Z","level":"audit","message":"http_request","method":"GET","path":"/api/resources","status":200,"durationMs":0}
{"timestamp":"2026-07-31T20:27:10.880Z","level":"audit","message":"http_request","method":"GET","path":"/api/data/aprendizaje_categorias?limit=2","status":200,"durationMs":10}
{"timestamp":"2026-07-31T20:27:10.889Z","level":"audit","message":"http_request","method":"GET","path":"/api/data/aprendizaje_configuracion_sitio?limit=2","status":200,"durationMs":6}
{"timestamp":"2026-07-31T20:27:10.895Z","level":"audit","message":"http_request","method":"GET","path":"/api/data/aprendizaje_lecciones?limit=2","status":200,"durationMs":3}
{"timestamp":"2026-07-31T20:27:10.904Z","level":"audit","message":"http_request","method":"GET","path":"/api/data/aprendizaje_medios?limit=2","status":200,"durationMs":6}
{"timestamp":"2026-07-31T20:27:10.910Z","level":"audit","message":"http_request","method":"GET","path":"/api/data/aprendizaje_medios_leccion?limit=2","status":200,"durationMs":2}
{"timestamp":"2026-07-31T20:27:10.916Z","level":"audit","message":"http_request","method":"GET","path":"/api/data/aprendizaje_niveles_educativos?limit=2","status":200,"durationMs":3}
{"timestamp":"2026-07-31T20:27:10.922Z","level":"audit","message":"http_request","method":"GET","path":"/api/data/aprendizaje_recursos?limit=2","status":200,"durationMs":3}
{"timestamp":"2026-07-31T20:27:10.928Z","level":"audit","message":"http_request","method":"GET","path":"/api/data/aprendizaje_secciones_leccion?limit=2","status":200,"durationMs":2}
{"timestamp":"2026-07-31T20:28:22.112Z","level":"audit","message":"http_request","method":"GET","path":"/api/catalog","status":200,"durationMs":11}
{"timestamp":"2026-07-31T20:28:32.832Z","level":"audit","message":"http_request","method":"GET","path":"/health","status":200,"durationMs":0}
{"timestamp":"2026-07-31T20:29:40.058Z","level":"audit","message":"http_request","method":"GET","path":"/health","status":200,"durationMs":1}
{"timestamp":"2026-07-31T20:33:50.376Z","level":"audit","message":"http_request","method":"GET","path":"/health","status":200,"durationMs":4}
{"timestamp":"2026-07-31T20:33:50.394Z","level":"audit","message":"http_request","method":"GET","path":"/health","status":200,"durationMs":1}
{"timestamp":"2026-07-31T20:33:51.013Z","level":"audit","message":"http_request","method":"GET","path":"/health","status":200,"durationMs":1}
{"timestamp":"2026-07-31T20:33:51.027Z","level":"audit","message":"http_request","method":"GET","path":"/health","status":200,"durationMs":0}
{"timestamp":"2026-07-31T20:34:46.492Z","level":"audit","message":"http_request","method":"GET","path":"/api/data/aprendizaje_lecciones?limit=200&orderDirection=DESC","status":200,"durationMs":84}
{"timestamp":"2026-07-31T20:34:46.509Z","level":"audit","message":"http_request","method":"GET","path":"/api/data/aprendizaje_secciones_leccion?limit=200&orderDirection=DESC","status":200,"durationMs":68}
{"timestamp":"2026-07-31T20:34:46.514Z","level":"audit","message":"http_request","method":"GET","path":"/api/data/aprendizaje_lecciones?limit=200&orderDirection=DESC","status":200,"durationMs":3}
{"timestamp":"2026-07-31T20:34:46.538Z","level":"audit","message":"http_request","method":"GET","path":"/api/data/aprendizaje_secciones_leccion?limit=200&orderDirection=DESC","status":200,"durationMs":10}
{"timestamp":"2026-07-31T20:36:45.817Z","level":"audit","message":"http_request","method":"GET","path":"/api/resources","status":200,"durationMs":14}
{"timestamp":"2026-07-31T20:36:45.925Z","level":"audit","message":"http_request","method":"GET","path":"/api/resources","status":200,"durationMs":0}
{"timestamp":"2026-07-31T20:36:45.983Z","level":"audit","message":"http_request","method":"GET","path":"/api/data/aprendizaje_configuracion_sitio?limit=200&orderDirection=DESC","status":200,"durationMs":157}
{"timestamp":"2026-07-31T20:36:45.994Z","level":"audit","message":"http_request","method":"GET","path":"/api/data/aprendizaje_configuracion_sitio?limit=200&orderDirection=DESC","status":200,"durationMs":6}
{"timestamp":"2026-07-31T20:37:18.950Z","level":"audit","message":"http_request","method":"GET","path":"/health","status":200,"durationMs":2}
{"timestamp":"2026-07-31T20:38:11.279Z","level":"audit","message":"http_request","method":"GET","path":"/health","status":200,"durationMs":2}
{"timestamp":"2026-07-31T20:39:42.837Z","level":"audit","message":"http_request","method":"GET","path":"/api/resources","status":200,"durationMs":2}
{"timestamp":"2026-07-31T20:39:42.850Z","level":"audit","message":"http_request","method":"GET","path":"/api/resources","status":200,"durationMs":0}
{"timestamp":"2026-07-31T20:39:42.860Z","level":"audit","message":"http_request","method":"GET","path":"/api/data/aprendizaje_medios?limit=200&orderDirection=DESC","status":200,"durationMs":19}
{"timestamp":"2026-07-31T20:39:42.868Z","level":"audit","message":"http_request","method":"GET","path":"/api/data/aprendizaje_medios?limit=200&orderDirection=DESC","status":200,"durationMs":3}
{"timestamp":"2026-07-31T20:39:50.338Z","level":"audit","message":"http_request","method":"GET","path":"/api/catalog","status":200,"durationMs":34}
{"timestamp":"2026-07-31T20:39:50.352Z","level":"audit","message":"http_request","method":"GET","path":"/api/catalog","status":200,"durationMs":9}
{"timestamp":"2026-07-31T20:39:56.837Z","level":"audit","message":"http_request","method":"GET","path":"/api/lessons/suma-numeros-naturales","status":200,"durationMs":26}
{"timestamp":"2026-07-31T20:39:56.847Z","level":"audit","message":"http_request","method":"GET","path":"/api/lessons/suma-numeros-naturales","status":200,"durationMs":6}
{"timestamp":"2026-07-31T20:43:43.938Z","level":"audit","message":"http_request","method":"GET","path":"/api/resources","status":200,"durationMs":0}
{"timestamp":"2026-07-31T20:43:43.946Z","level":"audit","message":"http_request","method":"GET","path":"/health","status":200,"durationMs":0}
{"timestamp":"2026-07-31T20:43:43.956Z","level":"audit","message":"http_request","method":"GET","path":"/api/data/aprendizaje_medios?limit=200&orderDirection=DESC","status":200,"durationMs":16}
{"timestamp":"2026-07-31T20:57:36.821Z","level":"audit","message":"http_request","method":"GET","path":"/api/uploads/cabsa-suma-numeros-naturales.pptx","status":200,"durationMs":23}
{"timestamp":"2026-07-31T20:57:36.887Z","level":"audit","message":"http_request","method":"GET","path":"/api/uploads/cabsa-ecuaciones-lineales.pptx","status":200,"durationMs":3}
{"timestamp":"2026-07-31T21:00:22.136Z","level":"audit","message":"http_request","method":"GET","path":"/api/lessons","status":200,"durationMs":23}
{"timestamp":"2026-07-31T21:00:36.288Z","level":"audit","message":"http_request","method":"GET","path":"/api/lessons/suma-numeros-naturales","status":200,"durationMs":19}
{"timestamp":"2026-07-31T21:00:36.327Z","level":"audit","message":"http_request","method":"GET","path":"/api/lessons/ecuaciones-lineales-s1","status":200,"durationMs":10}
{"timestamp":"2026-07-31T21:09:39.427Z","level":"audit","message":"http_request","method":"GET","path":"/api/uploads/pres_84_1783461456_presentacion_colorida_suma_numeros_naturales_primaria.pptx","status":404,"durationMs":17}
{"timestamp":"2026-07-31T21:09:39.504Z","level":"audit","message":"http_request","method":"GET","path":"/api/uploads/pres_84_1783461456_presentacion_colorida_suma_numeros_naturales_primaria.pptx","status":404,"durationMs":18}
{"timestamp":"2026-07-31T21:09:39.567Z","level":"audit","message":"http_request","method":"GET","path":"/api/catalog","status":200,"durationMs":121}
{"timestamp":"2026-07-31T21:09:39.581Z","level":"audit","message":"http_request","method":"GET","path":"/api/lessons/suma-numeros-naturales","status":200,"durationMs":139}
{"timestamp":"2026-07-31T21:09:39.599Z","level":"audit","message":"http_request","method":"GET","path":"/api/catalog","status":200,"durationMs":15}
{"timestamp":"2026-07-31T21:09:39.616Z","level":"audit","message":"http_request","method":"GET","path":"/api/lessons/suma-numeros-naturales","status":200,"durationMs":26}
{"timestamp":"2026-07-31T21:09:39.630Z","level":"audit","message":"http_request","method":"GET","path":"/api/catalog","status":200,"durationMs":25}
{"timestamp":"2026-07-31T21:09:39.666Z","level":"audit","message":"http_request","method":"GET","path":"/api/lessons/suma-numeros-naturales","status":200,"durationMs":31}
{"timestamp":"2026-07-31T21:09:39.671Z","level":"audit","message":"http_request","method":"GET","path":"/api/uploads/cabsa-suma-numeros-naturales.pptx","status":200,"durationMs":32}
{"timestamp":"2026-07-31T21:09:39.683Z","level":"audit","message":"http_request","method":"GET","path":"/api/uploads/cabsa-suma-numeros-naturales.pptx","status":200,"durationMs":3}
{"timestamp":"2026-07-31T21:09:49.104Z","level":"audit","message":"http_request","method":"GET","path":"/api/uploads/cabsa-suma-numeros-naturales.pptx","status":200,"durationMs":3}
{"timestamp":"2026-07-31T21:09:49.114Z","level":"audit","message":"http_request","method":"GET","path":"/api/uploads/cabsa-suma-numeros-naturales.pptx","status":200,"durationMs":2}
{"timestamp":"2026-07-31T21:09:55.176Z","level":"audit","message":"http_request","method":"GET","path":"/api/catalog","status":200,"durationMs":31}
{"timestamp":"2026-07-31T21:09:55.181Z","level":"audit","message":"http_request","method":"GET","path":"/api/lessons/suma-numeros-naturales","status":200,"durationMs":41}
{"timestamp":"2026-07-31T21:09:55.188Z","level":"audit","message":"http_request","method":"GET","path":"/api/catalog","status":200,"durationMs":5}
{"timestamp":"2026-07-31T21:09:55.197Z","level":"audit","message":"http_request","method":"GET","path":"/api/lessons/suma-numeros-naturales","status":200,"durationMs":6}
{"timestamp":"2026-07-31T21:09:55.219Z","level":"audit","message":"http_request","method":"GET","path":"/api/uploads/cabsa-suma-numeros-naturales.pptx","status":200,"durationMs":1}
{"timestamp":"2026-07-31T21:09:55.225Z","level":"audit","message":"http_request","method":"GET","path":"/api/uploads/cabsa-suma-numeros-naturales.pptx","status":200,"durationMs":2}
{"timestamp":"2026-07-31T21:10:10.065Z","level":"audit","message":"http_request","method":"GET","path":"/api/practice-topics","status":200,"durationMs":18}
{"timestamp":"2026-07-31T21:10:10.079Z","level":"audit","message":"http_request","method":"GET","path":"/api/practice-topics","status":200,"durationMs":6}
{"timestamp":"2026-07-31T21:18:19.117Z","level":"audit","message":"http_request","method":"GET","path":"/api/catalog","status":200,"durationMs":82}
{"timestamp":"2026-07-31T21:18:19.126Z","level":"audit","message":"http_request","method":"GET","path":"/api/practice-topics","status":200,"durationMs":111}
{"timestamp":"2026-07-31T21:51:12.736Z","level":"audit","message":"http_request","method":"GET","path":"/api/catalog","status":200,"durationMs":79}
{"timestamp":"2026-07-31T21:51:12.742Z","level":"audit","message":"http_request","method":"GET","path":"/api/practice-topics","status":200,"durationMs":125}
{"timestamp":"2026-07-31T21:51:12.760Z","level":"audit","message":"http_request","method":"GET","path":"/api/catalog","status":200,"durationMs":16}
{"timestamp":"2026-07-31T21:51:12.766Z","level":"audit","message":"http_request","method":"GET","path":"/api/practice-topics","status":200,"durationMs":4}
{"timestamp":"2026-07-31T21:56:31.136Z","level":"audit","message":"http_request","method":"GET","path":"/api/resources","status":200,"durationMs":34}
{"timestamp":"2026-07-31T21:56:31.149Z","level":"audit","message":"http_request","method":"GET","path":"/api/resources","status":200,"durationMs":3}
{"timestamp":"2026-07-31T21:56:31.199Z","level":"audit","message":"http_request","method":"GET","path":"/health","status":200,"durationMs":3}
{"timestamp":"2026-07-31T21:56:31.283Z","level":"audit","message":"http_request","method":"GET","path":"/api/data/aprendizaje_medios?limit=200&orderDirection=DESC","status":200,"durationMs":130}
{"timestamp":"2026-07-31T21:56:31.298Z","level":"audit","message":"http_request","method":"GET","path":"/api/data/aprendizaje_medios?limit=200&orderDirection=DESC","status":200,"durationMs":7}
{"timestamp":"2026-08-03T16:43:14.304Z","level":"audit","message":"http_request","method":"GET","path":"/health","status":200,"durationMs":2}
{"timestamp":"2026-08-03T16:46:05.514Z","level":"audit","message":"http_request","method":"GET","path":"/api/catalog","status":200,"durationMs":78}
{"timestamp":"2026-08-03T16:46:05.545Z","level":"audit","message":"http_request","method":"GET","path":"/api/catalog","status":200,"durationMs":9}
{"timestamp":"2026-08-03T16:48:23.427Z","level":"audit","message":"http_request","method":"GET","path":"/api/lessons/suma-numeros-naturales","status":200,"durationMs":65}
{"timestamp":"2026-08-03T16:48:23.442Z","level":"audit","message":"http_request","method":"GET","path":"/api/lessons/suma-numeros-naturales","status":200,"durationMs":7}
{"timestamp":"2026-08-03T16:48:29.539Z","level":"audit","message":"http_request","method":"GET","path":"/api/lessons/suma-numeros-naturales","status":200,"durationMs":20}
{"timestamp":"2026-08-03T16:48:29.552Z","level":"audit","message":"http_request","method":"GET","path":"/api/catalog","status":200,"durationMs":28}
{"timestamp":"2026-08-03T16:48:29.600Z","level":"audit","message":"http_request","method":"GET","path":"/api/catalog","status":200,"durationMs":42}
{"timestamp":"2026-08-03T16:48:29.613Z","level":"audit","message":"http_request","method":"GET","path":"/api/lessons/suma-numeros-naturales","status":200,"durationMs":59}
{"timestamp":"2026-08-03T16:54:15.984Z","level":"audit","message":"http_request","method":"GET","path":"/api/uploads/cabsa-ecuaciones-lineales.pptx","status":200,"durationMs":8}
{"timestamp":"2026-08-03T16:54:16.062Z","level":"audit","message":"http_request","method":"GET","path":"/api/uploads/cabsa-suma-numeros-naturales.pptx","status":200,"durationMs":2}
{"timestamp":"2026-08-03T16:55:10.082Z","level":"audit","message":"http_request","method":"GET","path":"/api/resources","status":200,"durationMs":1}
{"timestamp":"2026-08-03T16:57:06.268Z","level":"audit","message":"http_request","method":"GET","path":"/api/catalog","status":200,"durationMs":91}
{"timestamp":"2026-08-03T16:57:06.304Z","level":"audit","message":"http_request","method":"GET","path":"/api/lessons/suma-numeros-naturales","status":200,"durationMs":157}
{"timestamp":"2026-08-03T17:03:47.386Z","level":"audit","message":"http_request","method":"POST","path":"/api/data/aprendizaje_categorias","status":201,"durationMs":111}
{"timestamp":"2026-08-03T17:03:47.441Z","level":"audit","message":"http_request","method":"PATCH","path":"/api/data/aprendizaje_categorias/7","status":200,"durationMs":27}
{"timestamp":"2026-08-03T17:03:47.721Z","level":"audit","message":"http_request","method":"POST","path":"/api/data/aprendizaje_medios_leccion","status":201,"durationMs":9}
{"timestamp":"2026-08-03T17:03:48.208Z","level":"audit","message":"http_request","method":"DELETE","path":"/api/data/aprendizaje_medios_leccion","status":200,"durationMs":17}
{"timestamp":"2026-08-03T17:03:48.254Z","level":"audit","message":"http_request","method":"DELETE","path":"/api/data/aprendizaje_categorias/7","status":200,"durationMs":6}
{"timestamp":"2026-08-03T17:08:31.812Z","level":"audit","message":"http_request","method":"GET","path":"/health","status":200,"durationMs":3}
